nohup: ignoring input
2022-02-18 01:40:34.836927: W tensorflow/stream_executor/platform/default/dso_loader.cc:64] Could not load dynamic library 'libcudart.so.11.0'; dlerror: libcudart.so.11.0: cannot open shared object file: No such file or directory
2022-02-18 01:40:34.836954: I tensorflow/stream_executor/cuda/cudart_stub.cc:29] Ignore above cudart dlerror if you do not have a GPU set up on your machine.
/usr/lib/python3/dist-packages/requests/__init__.py:89: RequestsDependencyWarning: urllib3 (1.26.8) or chardet (3.0.4) doesn't match a supported version!
  warnings.warn("urllib3 ({}) or chardet ({}) doesn't match a supported "
Exception in thread Thread-4:
Traceback (most recent call last):
  File "/home/student_project/.local/lib/python3.8/site-packages/selenium/webdriver/common/service.py", line 71, in start
    self.process = subprocess.Popen(cmd, env=self.env,
  File "/usr/lib/python3.8/subprocess.py", line 858, in __init__
Exception in thread Thread-3:
Traceback (most recent call last):
  File "/home/student_project/.local/lib/python3.8/site-packages/selenium/webdriver/common/service.py", line 71, in start
Exception in thread Thread-2:
Traceback (most recent call last):
  File "/home/student_project/.local/lib/python3.8/site-packages/selenium/webdriver/common/service.py", line 71, in start
    self._execute_child(args, executable, preexec_fn, close_fds,
  File "/usr/lib/python3.8/subprocess.py", line 1704, in _execute_child
    self.process = subprocess.Popen(cmd, env=self.env,
  File "/usr/lib/python3.8/subprocess.py", line 858, in __init__
Exception in thread Thread-6:
Traceback (most recent call last):
  File "/home/student_project/.local/lib/python3.8/site-packages/selenium/webdriver/common/service.py", line 71, in start
    self.process = subprocess.Popen(cmd, env=self.env,
  File "/usr/lib/python3.8/subprocess.py", line 858, in __init__
    self._execute_child(args, executable, preexec_fn, close_fds,
  File "/usr/lib/python3.8/subprocess.py", line 1704, in _execute_child
    raise child_exception_type(errno_num, err_msg, err_filename)
FileNotFoundError: [Errno 2] No such file or directory: 'geckodriver'

During handling of the above exception, another exception occurred:

Traceback (most recent call last):
  File "/usr/lib/python3.8/threading.py", line 932, in _bootstrap_inner
    self._execute_child(args, executable, preexec_fn, close_fds,
  File "/usr/lib/python3.8/subprocess.py", line 1704, in _execute_child
    raise child_exception_type(errno_num, err_msg, err_filename)
FileNotFoundError: [Errno 2] No such file or directory: 'geckodriver'

During handling of the above exception, another exception occurred:

Traceback (most recent call last):
  File "/usr/lib/python3.8/threading.py", line 932, in _bootstrap_inner
Exception in thread Thread-5:
Traceback (most recent call last):
  File "/home/student_project/.local/lib/python3.8/site-packages/selenium/webdriver/common/service.py", line 71, in start
    self.process = subprocess.Popen(cmd, env=self.env,
  File "/usr/lib/python3.8/subprocess.py", line 858, in __init__
    self.run()
  File "/usr/lib/python3.8/threading.py", line 870, in run
    self.run()
  File "/usr/lib/python3.8/threading.py", line 870, in run
    self.process = subprocess.Popen(cmd, env=self.env,
  File "/usr/lib/python3.8/subprocess.py", line 858, in __init__
    self._target(*self._args, **self._kwargs)
  File "/home/student_project/ImageSearch/ImageCrawling/__init__.py", line 128, in __crawl_images_batch
    self._target(*self._args, **self._kwargs)
  File "/home/student_project/ImageSearch/ImageCrawling/__init__.py", line 128, in __crawl_images_batch
    crawl_images(k, database, image_database_name, image_count, test_size, child_threads)
  File "/home/student_project/ImageSearch/ImageCrawling/__init__.py", line 61, in crawl_images
    crawl_images(k, database, image_database_name, image_count, test_size, child_threads)
  File "/home/student_project/ImageSearch/ImageCrawling/__init__.py", line 61, in crawl_images
    links = crawl_shutterstock.crawl_links(query, image_count, thread_count)
  File "/home/student_project/ImageSearch/ImageCrawling/crawl_shutterstock.py", line 15, in crawl_links
    self._execute_child(args, executable, preexec_fn, close_fds,
  File "/usr/lib/python3.8/subprocess.py", line 1704, in _execute_child
    links = crawl_shutterstock.crawl_links(query, image_count, thread_count)
  File "/home/student_project/ImageSearch/ImageCrawling/crawl_shutterstock.py", line 15, in crawl_links
    available_images = get_image_count(query)
  File "/home/student_project/ImageSearch/ImageCrawling/crawl_shutterstock.py", line 69, in get_image_count
    raise child_exception_type(errno_num, err_msg, err_filename)
FileNotFoundError: [Errno 2] No such file or directory: 'geckodriver'

During handling of the above exception, another exception occurred:

Traceback (most recent call last):
  File "/usr/lib/python3.8/threading.py", line 932, in _bootstrap_inner
    available_images = get_image_count(query)
  File "/home/student_project/ImageSearch/ImageCrawling/crawl_shutterstock.py", line 69, in get_image_count
    self._execute_child(args, executable, preexec_fn, close_fds,
  File "/usr/lib/python3.8/subprocess.py", line 1704, in _execute_child
    driver = _create_driver(headless)
  File "/home/student_project/ImageSearch/ImageCrawling/crawl_shutterstock.py", line 119, in _create_driver
    driver = _create_driver(headless)
  File "/home/student_project/ImageSearch/ImageCrawling/crawl_shutterstock.py", line 119, in _create_driver
    self.run()
  File "/usr/lib/python3.8/threading.py", line 870, in run
    driver = webdriver.Firefox(options=options)
  File "/home/student_project/.local/lib/python3.8/site-packages/selenium/webdriver/firefox/webdriver.py", line 174, in __init__
    driver = webdriver.Firefox(options=options)
  File "/home/student_project/.local/lib/python3.8/site-packages/selenium/webdriver/firefox/webdriver.py", line 174, in __init__
    self.service.start()
  File "/home/student_project/.local/lib/python3.8/site-packages/selenium/webdriver/common/service.py", line 81, in start
    self.service.start()
  File "/home/student_project/.local/lib/python3.8/site-packages/selenium/webdriver/common/service.py", line 81, in start
    raise WebDriverException(
selenium.common.exceptions.WebDriverException: Message: 'geckodriver' executable needs to be in PATH. 

    raise WebDriverException(
selenium.common.exceptions.WebDriverException: Message: 'geckodriver' executable needs to be in PATH. 

    raise child_exception_type(errno_num, err_msg, err_filename)
FileNotFoundError: [Errno 2] No such file or directory: 'geckodriver'

During handling of the above exception, another exception occurred:

Traceback (most recent call last):
  File "/usr/lib/python3.8/threading.py", line 932, in _bootstrap_inner
    self._target(*self._args, **self._kwargs)
  File "/home/student_project/ImageSearch/ImageCrawling/__init__.py", line 128, in __crawl_images_batch
    raise child_exception_type(errno_num, err_msg, err_filename)
FileNotFoundError: [Errno 2] No such file or directory: 'geckodriver'

During handling of the above exception, another exception occurred:

Traceback (most recent call last):
  File "/usr/lib/python3.8/threading.py", line 932, in _bootstrap_inner
    crawl_images(k, database, image_database_name, image_count, test_size, child_threads)
  File "/home/student_project/ImageSearch/ImageCrawling/__init__.py", line 61, in crawl_images
    links = crawl_shutterstock.crawl_links(query, image_count, thread_count)
  File "/home/student_project/ImageSearch/ImageCrawling/crawl_shutterstock.py", line 15, in crawl_links
    self.run()
  File "/usr/lib/python3.8/threading.py", line 870, in run
    available_images = get_image_count(query)
  File "/home/student_project/ImageSearch/ImageCrawling/crawl_shutterstock.py", line 69, in get_image_count
    driver = _create_driver(headless)
  File "/home/student_project/ImageSearch/ImageCrawling/crawl_shutterstock.py", line 119, in _create_driver
    self._target(*self._args, **self._kwargs)
  File "/home/student_project/ImageSearch/ImageCrawling/__init__.py", line 128, in __crawl_images_batch
    driver = webdriver.Firefox(options=options)
  File "/home/student_project/.local/lib/python3.8/site-packages/selenium/webdriver/firefox/webdriver.py", line 174, in __init__
    self.run()
  File "/usr/lib/python3.8/threading.py", line 870, in run
    self.service.start()
  File "/home/student_project/.local/lib/python3.8/site-packages/selenium/webdriver/common/service.py", line 81, in start
    crawl_images(k, database, image_database_name, image_count, test_size, child_threads)
  File "/home/student_project/ImageSearch/ImageCrawling/__init__.py", line 61, in crawl_images
    raise WebDriverException(
selenium.common.exceptions.WebDriverException: Message: 'geckodriver' executable needs to be in PATH. 

    links = crawl_shutterstock.crawl_links(query, image_count, thread_count)
  File "/home/student_project/ImageSearch/ImageCrawling/crawl_shutterstock.py", line 15, in crawl_links
    self._target(*self._args, **self._kwargs)
  File "/home/student_project/ImageSearch/ImageCrawling/__init__.py", line 128, in __crawl_images_batch
    available_images = get_image_count(query)
  File "/home/student_project/ImageSearch/ImageCrawling/crawl_shutterstock.py", line 69, in get_image_count
    driver = _create_driver(headless)
  File "/home/student_project/ImageSearch/ImageCrawling/crawl_shutterstock.py", line 119, in _create_driver
    crawl_images(k, database, image_database_name, image_count, test_size, child_threads)
  File "/home/student_project/ImageSearch/ImageCrawling/__init__.py", line 61, in crawl_images
    driver = webdriver.Firefox(options=options)
  File "/home/student_project/.local/lib/python3.8/site-packages/selenium/webdriver/firefox/webdriver.py", line 174, in __init__
    links = crawl_shutterstock.crawl_links(query, image_count, thread_count)
  File "/home/student_project/ImageSearch/ImageCrawling/crawl_shutterstock.py", line 15, in crawl_links
    self.service.start()
  File "/home/student_project/.local/lib/python3.8/site-packages/selenium/webdriver/common/service.py", line 81, in start
    raise WebDriverException(
selenium.common.exceptions.WebDriverException: Message: 'geckodriver' executable needs to be in PATH. 

    available_images = get_image_count(query)
  File "/home/student_project/ImageSearch/ImageCrawling/crawl_shutterstock.py", line 69, in get_image_count
    driver = _create_driver(headless)
  File "/home/student_project/ImageSearch/ImageCrawling/crawl_shutterstock.py", line 119, in _create_driver
    driver = webdriver.Firefox(options=options)
  File "/home/student_project/.local/lib/python3.8/site-packages/selenium/webdriver/firefox/webdriver.py", line 174, in __init__
    self.service.start()
  File "/home/student_project/.local/lib/python3.8/site-packages/selenium/webdriver/common/service.py", line 81, in start
    raise WebDriverException(
selenium.common.exceptions.WebDriverException: Message: 'geckodriver' executable needs to be in PATH. 

WARNING:tensorflow:`input_shape` is undefined or non-square, or `rows` is not in [128, 160, 192, 224]. Weights for input shape (224, 224) will be loaded as the default.
2022-02-18 01:41:00.930638: E tensorflow/stream_executor/cuda/cuda_driver.cc:271] failed call to cuInit: CUDA_ERROR_INVALID_DEVICE: invalid device ordinal
2022-02-18 01:41:00.930679: I tensorflow/stream_executor/cuda/cuda_diagnostics.cc:169] retrieving CUDA diagnostic information for host: ohrn
2022-02-18 01:41:00.930687: I tensorflow/stream_executor/cuda/cuda_diagnostics.cc:176] hostname: ohrn
2022-02-18 01:41:00.930766: I tensorflow/stream_executor/cuda/cuda_diagnostics.cc:200] libcuda reported version is: 470.103.1
2022-02-18 01:41:00.930793: I tensorflow/stream_executor/cuda/cuda_diagnostics.cc:204] kernel reported version is: 460.91.3
2022-02-18 01:41:00.930801: E tensorflow/stream_executor/cuda/cuda_diagnostics.cc:313] kernel version 460.91.3 does not match DSO version 470.103.1 -- cannot find working devices in this configuration
2022-02-18 01:41:00.931084: I tensorflow/core/platform/cpu_feature_guard.cc:151] This TensorFlow binary is optimized with oneAPI Deep Neural Network Library (oneDNN) to use the following CPU instructions in performance-critical operations:  AVX2 FMA
To enable them in other operations, rebuild TensorFlow with the appropriate compiler flags.
WARNING:tensorflow:`input_shape` is undefined or non-square, or `rows` is not in [96, 128, 160, 192, 224]. Weights for input shape (224, 224) will be loaded as the default.
Keywords to crawl: 2004 existing Keywords: 251 crawling without duplicates: 1753
[Info]      Starting to crawl 1753 Keywords
[Info]      Using 5 Threads with max 351 Keywords
[Info]      Keyword: Sith is crawling now
[Info]      Keyword: Birds+Of+Paradise is crawling now
[Info]      Keyword: Saola is crawling now
[Info]      Keyword: Mexican+hairless is crawling now
[Info]      Keyword: maypole is crawling now
Images:


| database |               class | count |
| -------- | ------------------- | ----- |
|      big |              Acacia |  2000 |
|      big |            Achillea |  2000 |
|      big |        African+Lily |  2000 |
|      big |          Agapanthus |  2000 |
|      big |            Ageratum |  2000 |
|      big |                 ... |  2000 |
|      big |                 ... |  2000 |
|      big |       Angela+Merkel |  2000 |
|      big |           Angelfish |  2000 |
|      big |                 Ant |  2000 |
|      big |            Anteater |  2000 |
|      big |            Antelope |  2000 |
|      big |          Arctic+Fox |  2000 |
|      big |         Arctic+Wolf |  2000 |
|      big |           Armadillo |  2000 |
|      big |      Asian+Elephant |  2000 |
|      big |                 ... |  2000 |
|      big |     Australian+Mist |  2000 |

Features:


|      network | database | database_size | features_size |
| ------------ | -------- | ------------- | ------------- |
|   mobile_net |      big |        502000 |        502000 |
| mobile_netV2 |      big |        502000 |        502000 |
|          nas |      big |        502000 |        164000 |
|        vgg16 |      big |        502000 |        502000 |
|         xcep |      big |        502000 |        502000 |
|   mobile_net | big_test |         50200 |         50200 |
| mobile_netV2 | big_test |         50200 |         50200 |
|          nas | big_test |         50200 |         16400 |
|        vgg16 | big_test |         50200 |         50200 |
|         xcep | big_test |         50200 |         50200 |
Staring to extract 0 features. This might take some time!
Images:


| database |               class | count |
| -------- | ------------------- | ----- |
|      big |              Acacia |  2000 |
|      big |            Achillea |  2000 |
|      big |        African+Lily |  2000 |
|      big |          Agapanthus |  2000 |
|      big |            Ageratum |  2000 |
|      big |                 ... |  2000 |
|      big |                 ... |  2000 |
|      big |       Angela+Merkel |  2000 |
|      big |           Angelfish |  2000 |
|      big |                 Ant |  2000 |
|      big |            Anteater |  2000 |
|      big |            Antelope |  2000 |
|      big |          Arctic+Fox |  2000 |
|      big |         Arctic+Wolf |  2000 |
|      big |           Armadillo |  2000 |
|      big |      Asian+Elephant |  2000 |
|      big |                 ... |  2000 |
|      big |     Australian+Mist |  2000 |

Features:


|      network | database | database_size | features_size |
| ------------ | -------- | ------------- | ------------- |
|   mobile_net |      big |        502000 |        502000 |
| mobile_netV2 |      big |        502000 |        502000 |
|          nas |      big |        502000 |        164000 |
|        vgg16 |      big |        502000 |        502000 |
|         xcep |      big |        502000 |        502000 |
|   mobile_net | big_test |         50200 |         50200 |
| mobile_netV2 | big_test |         50200 |         50200 |
|          nas | big_test |         50200 |         16400 |
|        vgg16 | big_test |         50200 |         50200 |
|         xcep | big_test |         50200 |         50200 |
Staring to extract 0 features. This might take some time!
Images:


| database |               class | count |
| -------- | ------------------- | ----- |
|      big |              Acacia |  2000 |
|      big |            Achillea |  2000 |
|      big |        African+Lily |  2000 |
|      big |          Agapanthus |  2000 |
|      big |            Ageratum |  2000 |
|      big |                 ... |  2000 |
|      big |                 ... |  2000 |
|      big |       Angela+Merkel |  2000 |
|      big |           Angelfish |  2000 |
|      big |                 Ant |  2000 |
|      big |            Anteater |  2000 |
|      big |            Antelope |  2000 |
|      big |          Arctic+Fox |  2000 |
|      big |         Arctic+Wolf |  2000 |
|      big |           Armadillo |  2000 |
|      big |      Asian+Elephant |  2000 |
|      big |                 ... |  2000 |
|      big |     Australian+Mist |  2000 |

Features:


|      network | database | database_size | features_size |
| ------------ | -------- | ------------- | ------------- |
|   mobile_net |      big |        502000 |        502000 |
| mobile_netV2 |      big |        502000 |        502000 |
|          nas |      big |        502000 |        164000 |
|        vgg16 |      big |        502000 |        502000 |
|         xcep |      big |        502000 |        502000 |
|   mobile_net | big_test |         50200 |         50200 |
| mobile_netV2 | big_test |         50200 |         50200 |
|          nas | big_test |         50200 |         16400 |
|        vgg16 | big_test |         50200 |         50200 |
|         xcep | big_test |         50200 |         50200 |
Staring to extract 0 features. This might take some time!
Images:


| database |               class | count |
| -------- | ------------------- | ----- |
|      big |              Acacia |  2000 |
|      big |            Achillea |  2000 |
|      big |        African+Lily |  2000 |
|      big |          Agapanthus |  2000 |
|      big |            Ageratum |  2000 |
|      big |                 ... |  2000 |
|      big |                 ... |  2000 |
|      big |       Angela+Merkel |  2000 |
|      big |           Angelfish |  2000 |
|      big |                 Ant |  2000 |
|      big |            Anteater |  2000 |
|      big |            Antelope |  2000 |
|      big |          Arctic+Fox |  2000 |
|      big |         Arctic+Wolf |  2000 |
|      big |           Armadillo |  2000 |
|      big |      Asian+Elephant |  2000 |
|      big |                 ... |  2000 |
|      big |     Australian+Mist |  2000 |

Features:


|      network | database | database_size | features_size |
| ------------ | -------- | ------------- | ------------- |
|   mobile_net |      big |        502000 |        502000 |
| mobile_netV2 |      big |        502000 |        502000 |
|          nas |      big |        502000 |        164000 |
|        vgg16 |      big |        502000 |        502000 |
|         xcep |      big |        502000 |        502000 |
|   mobile_net | big_test |         50200 |         50200 |
| mobile_netV2 | big_test |         50200 |         50200 |
|          nas | big_test |         50200 |         16400 |
|        vgg16 | big_test |         50200 |         50200 |
|         xcep | big_test |         50200 |         50200 |
Staring to extract 0 features. This might take some time!
Images:


| database |               class | count |
| -------- | ------------------- | ----- |
|      big |              Acacia |  2000 |
|      big |            Achillea |  2000 |
|      big |        African+Lily |  2000 |
|      big |          Agapanthus |  2000 |
|      big |            Ageratum |  2000 |
|      big |                 ... |  2000 |
|      big |                 ... |  2000 |
|      big |       Angela+Merkel |  2000 |
|      big |           Angelfish |  2000 |
|      big |                 Ant |  2000 |
|      big |            Anteater |  2000 |
|      big |            Antelope |  2000 |
|      big |          Arctic+Fox |  2000 |
|      big |         Arctic+Wolf |  2000 |
|      big |           Armadillo |  2000 |
|      big |      Asian+Elephant |  2000 |
|      big |                 ... |  2000 |
|      big |     Australian+Mist |  2000 |

Features:


|      network | database | database_size | features_size |
| ------------ | -------- | ------------- | ------------- |
|   mobile_net |      big |        502000 |        502000 |
| mobile_netV2 |      big |        502000 |        502000 |
|          nas |      big |        502000 |        164000 |
|        vgg16 |      big |        502000 |        502000 |
|         xcep |      big |        502000 |        502000 |
|   mobile_net | big_test |         50200 |         50200 |
| mobile_netV2 | big_test |         50200 |         50200 |
|          nas | big_test |         50200 |         16400 |
|        vgg16 | big_test |         50200 |         50200 |
|         xcep | big_test |         50200 |         50200 |
Staring to extract 371800 features. This might take some time!
Extracted features 0/371800
Extracted features 100/371800
Extracted features 200/371800
Extracted features 300/371800
Extracted features 400/371800
Extracted features 500/371800
Extracted features 600/371800
Extracted features 700/371800
Extracted features 800/371800
Extracted features 900/371800
Extracted features 1000/371800
Extracted features 1100/371800
Extracted features 1200/371800
Extracted features 1300/371800
Extracted features 1400/371800
Extracted features 1500/371800
Extracted features 1600/371800
Extracted features 1700/371800
Extracted features 1800/371800
Extracted features 1900/371800
Extracted features 2000/371800
Extracted features 2100/371800
Extracted features 2200/371800
Extracted features 2300/371800
Extracted features 2400/371800
Extracted features 2500/371800
Extracted features 2600/371800
Extracted features 2700/371800
Extracted features 2800/371800
Extracted features 2900/371800
Extracted features 3000/371800
Extracted features 3100/371800
Extracted features 3200/371800
Extracted features 3300/371800
Extracted features 3400/371800
Extracted features 3500/371800
Extracted features 3600/371800
Extracted features 3700/371800
Extracted features 3800/371800
Extracted features 3900/371800
Extracted features 4000/371800
Extracted features 4100/371800
Extracted features 4200/371800
Extracted features 4300/371800
Extracted features 4400/371800
Extracted features 4500/371800
Extracted features 4600/371800
Extracted features 4700/371800
Extracted features 4800/371800
Extracted features 4900/371800
Extracted features 5000/371800
Extracted features 5100/371800
Extracted features 5200/371800
Extracted features 5300/371800
Extracted features 5400/371800
Extracted features 5500/371800
Extracted features 5600/371800
Extracted features 5700/371800
Extracted features 5800/371800
Extracted features 5900/371800
Extracted features 6000/371800
Extracted features 6100/371800
Extracted features 6200/371800
Extracted features 6300/371800
Extracted features 6400/371800
Extracted features 6500/371800
Extracted features 6600/371800
Extracted features 6700/371800
Extracted features 6800/371800
Extracted features 6900/371800
Extracted features 7000/371800
Extracted features 7100/371800
Extracted features 7200/371800
Extracted features 7300/371800
Extracted features 7400/371800
Extracted features 7500/371800
Extracted features 7600/371800
Extracted features 7700/371800
Extracted features 7800/371800
Extracted features 7900/371800
Extracted features 8000/371800
Extracted features 8100/371800
Extracted features 8200/371800
Extracted features 8300/371800
Extracted features 8400/371800
Extracted features 8500/371800
Extracted features 8600/371800
Extracted features 8700/371800
Extracted features 8800/371800
Extracted features 8900/371800
Extracted features 9000/371800
Extracted features 9100/371800
Extracted features 9200/371800
Extracted features 9300/371800
Extracted features 9400/371800
Extracted features 9500/371800
Extracted features 9600/371800
Extracted features 9700/371800
Extracted features 9800/371800
Extracted features 9900/371800
Extracted features 10000/371800
Extracted features 10100/371800
Extracted features 10200/371800
Extracted features 10300/371800
Extracted features 10400/371800
Extracted features 10500/371800
Extracted features 10600/371800
Extracted features 10700/371800
Extracted features 10800/371800
Extracted features 10900/371800
Extracted features 11000/371800
Extracted features 11100/371800
Extracted features 11200/371800
Extracted features 11300/371800
Extracted features 11400/371800
Extracted features 11500/371800
Extracted features 11600/371800
Extracted features 11700/371800
Extracted features 11800/371800
Extracted features 11900/371800
Extracted features 12000/371800
Extracted features 12100/371800
Extracted features 12200/371800
Extracted features 12300/371800
Extracted features 12400/371800
Extracted features 12500/371800
Extracted features 12600/371800
Extracted features 12700/371800
Extracted features 12800/371800
Extracted features 12900/371800
Extracted features 13000/371800
Extracted features 13100/371800
Extracted features 13200/371800
Extracted features 13300/371800
Extracted features 13400/371800
Extracted features 13500/371800
Extracted features 13600/371800
Extracted features 13700/371800
Extracted features 13800/371800
Extracted features 13900/371800
Extracted features 14000/371800
Extracted features 14100/371800
Extracted features 14200/371800
Extracted features 14300/371800
Extracted features 14400/371800
Extracted features 14500/371800
Extracted features 14600/371800
Extracted features 14700/371800
Extracted features 14800/371800
Extracted features 14900/371800
Extracted features 15000/371800
Extracted features 15100/371800
Extracted features 15200/371800
Extracted features 15300/371800
Extracted features 15400/371800
Extracted features 15500/371800
Extracted features 15600/371800
Extracted features 15700/371800
Extracted features 15800/371800
Extracted features 15900/371800
Extracted features 16000/371800
Extracted features 16100/371800
Extracted features 16200/371800
Extracted features 16300/371800
Extracted features 16400/371800
Extracted features 16500/371800
Extracted features 16600/371800
Extracted features 16700/371800
Extracted features 16800/371800
Extracted features 16900/371800
Extracted features 17000/371800
Extracted features 17100/371800
Extracted features 17200/371800
Extracted features 17300/371800
Extracted features 17400/371800
Extracted features 17500/371800
Extracted features 17600/371800
Extracted features 17700/371800
Extracted features 17800/371800
Extracted features 17900/371800
Extracted features 18000/371800
Extracted features 18100/371800
Extracted features 18200/371800
Extracted features 18300/371800
Extracted features 18400/371800
Extracted features 18500/371800
Extracted features 18600/371800
Extracted features 18700/371800
Extracted features 18800/371800
Extracted features 18900/371800
Extracted features 19000/371800
Extracted features 19100/371800
Extracted features 19200/371800
Extracted features 19300/371800
Extracted features 19400/371800
Extracted features 19500/371800
Extracted features 19600/371800
Extracted features 19700/371800
Extracted features 19800/371800
Extracted features 19900/371800
Extracted features 20000/371800
Extracted features 20100/371800
Extracted features 20200/371800
Extracted features 20300/371800
Extracted features 20400/371800
Extracted features 20500/371800
Extracted features 20600/371800
Extracted features 20700/371800
Extracted features 20800/371800
Extracted features 20900/371800
Extracted features 21000/371800
Extracted features 21100/371800
Extracted features 21200/371800
Extracted features 21300/371800
Extracted features 21400/371800
Extracted features 21500/371800
Extracted features 21600/371800
Extracted features 21700/371800
Extracted features 21800/371800
Extracted features 21900/371800
Extracted features 22000/371800
Extracted features 22100/371800
Extracted features 22200/371800
Extracted features 22300/371800
Extracted features 22400/371800
Extracted features 22500/371800
Extracted features 22600/371800
Extracted features 22700/371800
Extracted features 22800/371800
Extracted features 22900/371800
Extracted features 23000/371800
Extracted features 23100/371800
Extracted features 23200/371800
Extracted features 23300/371800
Extracted features 23400/371800
Extracted features 23500/371800
Extracted features 23600/371800
Extracted features 23700/371800
Extracted features 23800/371800
Extracted features 23900/371800
Extracted features 24000/371800
Extracted features 24100/371800
Extracted features 24200/371800
Extracted features 24300/371800
Extracted features 24400/371800
Extracted features 24500/371800
Extracted features 24600/371800
Extracted features 24700/371800
Extracted features 24800/371800
Extracted features 24900/371800
Extracted features 25000/371800
Extracted features 25100/371800
Extracted features 25200/371800
Extracted features 25300/371800
Extracted features 25400/371800
Extracted features 25500/371800
Extracted features 25600/371800
Extracted features 25700/371800
Extracted features 25800/371800
Extracted features 25900/371800
Extracted features 26000/371800
Extracted features 26100/371800
Extracted features 26200/371800
Extracted features 26300/371800
Extracted features 26400/371800
Extracted features 26500/371800
Extracted features 26600/371800
Extracted features 26700/371800
Extracted features 26800/371800
Extracted features 26900/371800
Extracted features 27000/371800
Extracted features 27100/371800
Extracted features 27200/371800
Extracted features 27300/371800
Extracted features 27400/371800
Extracted features 27500/371800
Extracted features 27600/371800
Extracted features 27700/371800
Extracted features 27800/371800
Extracted features 27900/371800
Extracted features 28000/371800
Extracted features 28100/371800
Extracted features 28200/371800
Extracted features 28300/371800
Extracted features 28400/371800
Extracted features 28500/371800
Extracted features 28600/371800
Extracted features 28700/371800
Extracted features 28800/371800
Extracted features 28900/371800
Extracted features 29000/371800
Extracted features 29100/371800
Extracted features 29200/371800
Extracted features 29300/371800
Extracted features 29400/371800
Extracted features 29500/371800
Extracted features 29600/371800
Extracted features 29700/371800
Extracted features 29800/371800
Extracted features 29900/371800
Extracted features 30000/371800
Extracted features 30100/371800
Extracted features 30200/371800
Extracted features 30300/371800
Extracted features 30400/371800
Extracted features 30500/371800
Extracted features 30600/371800
Extracted features 30700/371800
Extracted features 30800/371800
Extracted features 30900/371800
Extracted features 31000/371800
Extracted features 31100/371800
Extracted features 31200/371800
Extracted features 31300/371800
Extracted features 31400/371800
Extracted features 31500/371800
Extracted features 31600/371800
Extracted features 31700/371800
Extracted features 31800/371800
Extracted features 31900/371800
Extracted features 32000/371800
Extracted features 32100/371800
Extracted features 32200/371800
Extracted features 32300/371800
Extracted features 32400/371800
Extracted features 32500/371800
Extracted features 32600/371800
Extracted features 32700/371800
Extracted features 32800/371800
Extracted features 32900/371800
Extracted features 33000/371800
Extracted features 33100/371800
Extracted features 33200/371800
Extracted features 33300/371800
Extracted features 33400/371800
Extracted features 33500/371800
Extracted features 33600/371800
Extracted features 33700/371800
Extracted features 33800/371800
Extracted features 33900/371800
Extracted features 34000/371800
Extracted features 34100/371800
Extracted features 34200/371800
Extracted features 34300/371800
Extracted features 34400/371800
Extracted features 34500/371800
Extracted features 34600/371800
Extracted features 34700/371800
Extracted features 34800/371800
Extracted features 34900/371800
Extracted features 35000/371800
Extracted features 35100/371800
Extracted features 35200/371800
Extracted features 35300/371800
Extracted features 35400/371800
Extracted features 35500/371800
Extracted features 35600/371800
Extracted features 35700/371800
Extracted features 35800/371800
Extracted features 35900/371800
Extracted features 36000/371800
Extracted features 36100/371800
Extracted features 36200/371800
Extracted features 36300/371800
Extracted features 36400/371800
Extracted features 36500/371800
Extracted features 36600/371800
Extracted features 36700/371800
Extracted features 36800/371800
Extracted features 36900/371800
Extracted features 37000/371800
Extracted features 37100/371800
Extracted features 37200/371800
Extracted features 37300/371800
Extracted features 37400/371800
Extracted features 37500/371800
Extracted features 37600/371800
Extracted features 37700/371800
Extracted features 37800/371800
Extracted features 37900/371800
Extracted features 38000/371800
Extracted features 38100/371800
Extracted features 38200/371800
Extracted features 38300/371800
Extracted features 38400/371800
Extracted features 38500/371800
Extracted features 38600/371800
Extracted features 38700/371800
Extracted features 38800/371800
Extracted features 38900/371800
Extracted features 39000/371800
Extracted features 39100/371800
Extracted features 39200/371800
Extracted features 39300/371800
Extracted features 39400/371800
Extracted features 39500/371800
Extracted features 39600/371800
Extracted features 39700/371800
Extracted features 39800/371800
Extracted features 39900/371800
Extracted features 40000/371800
Extracted features 40100/371800
Extracted features 40200/371800
Extracted features 40300/371800
Extracted features 40400/371800
Extracted features 40500/371800
Extracted features 40600/371800
Extracted features 40700/371800
Extracted features 40800/371800
Extracted features 40900/371800
Extracted features 41000/371800
Extracted features 41100/371800
Extracted features 41200/371800
Extracted features 41300/371800
Extracted features 41400/371800
Extracted features 41500/371800
Extracted features 41600/371800
Extracted features 41700/371800
Extracted features 41800/371800
Extracted features 41900/371800
Extracted features 42000/371800
Extracted features 42100/371800
Extracted features 42200/371800
Extracted features 42300/371800
Extracted features 42400/371800
Extracted features 42500/371800
Extracted features 42600/371800
Extracted features 42700/371800
Extracted features 42800/371800
Extracted features 42900/371800
Extracted features 43000/371800
Extracted features 43100/371800
Extracted features 43200/371800
Extracted features 43300/371800
Extracted features 43400/371800
Extracted features 43500/371800
Extracted features 43600/371800
Extracted features 43700/371800
Extracted features 43800/371800
Extracted features 43900/371800
Extracted features 44000/371800
Extracted features 44100/371800
Extracted features 44200/371800
Extracted features 44300/371800
Extracted features 44400/371800
Extracted features 44500/371800
Extracted features 44600/371800
Extracted features 44700/371800
Extracted features 44800/371800
Extracted features 44900/371800
Extracted features 45000/371800
Extracted features 45100/371800
Extracted features 45200/371800
Extracted features 45300/371800
Extracted features 45400/371800
Extracted features 45500/371800
Extracted features 45600/371800
Extracted features 45700/371800
Extracted features 45800/371800
Extracted features 45900/371800
Extracted features 46000/371800
Extracted features 46100/371800
Extracted features 46200/371800
Extracted features 46300/371800
Extracted features 46400/371800
Extracted features 46500/371800
Extracted features 46600/371800
Extracted features 46700/371800
Extracted features 46800/371800
Extracted features 46900/371800
Extracted features 47000/371800
Extracted features 47100/371800
Extracted features 47200/371800
Extracted features 47300/371800
Extracted features 47400/371800
Extracted features 47500/371800
Extracted features 47600/371800
Extracted features 47700/371800
Extracted features 47800/371800
Extracted features 47900/371800
Extracted features 48000/371800
Extracted features 48100/371800
Extracted features 48200/371800
Extracted features 48300/371800
Extracted features 48400/371800
Extracted features 48500/371800
Extracted features 48600/371800
Extracted features 48700/371800
Extracted features 48800/371800
Extracted features 48900/371800
Extracted features 49000/371800
Extracted features 49100/371800
Extracted features 49200/371800
Extracted features 49300/371800
Extracted features 49400/371800
Extracted features 49500/371800
Extracted features 49600/371800
Extracted features 49700/371800
Extracted features 49800/371800
Extracted features 49900/371800
Extracted features 50000/371800
Extracted features 50100/371800
Extracted features 50200/371800
Extracted features 50300/371800
Extracted features 50400/371800
Extracted features 50500/371800
Extracted features 50600/371800
Extracted features 50700/371800
Extracted features 50800/371800
Extracted features 50900/371800
Extracted features 51000/371800
Extracted features 51100/371800
Extracted features 51200/371800
Extracted features 51300/371800
Extracted features 51400/371800
Extracted features 51500/371800
Extracted features 51600/371800
Extracted features 51700/371800
Extracted features 51800/371800
Extracted features 51900/371800
Extracted features 52000/371800
Extracted features 52100/371800
Extracted features 52200/371800
Extracted features 52300/371800
Extracted features 52400/371800
Extracted features 52500/371800
Extracted features 52600/371800
Extracted features 52700/371800
Extracted features 52800/371800
Extracted features 52900/371800
Extracted features 53000/371800
Extracted features 53100/371800
Extracted features 53200/371800
Extracted features 53300/371800
Extracted features 53400/371800
Extracted features 53500/371800
Extracted features 53600/371800
Extracted features 53700/371800
Extracted features 53800/371800
Extracted features 53900/371800
Extracted features 54000/371800
Extracted features 54100/371800
Extracted features 54200/371800
Extracted features 54300/371800
Extracted features 54400/371800
Extracted features 54500/371800
Extracted features 54600/371800
Extracted features 54700/371800
Extracted features 54800/371800
Extracted features 54900/371800
Extracted features 55000/371800
Extracted features 55100/371800
Extracted features 55200/371800
Extracted features 55300/371800
Extracted features 55400/371800
Extracted features 55500/371800
Extracted features 55600/371800
Extracted features 55700/371800
Extracted features 55800/371800
Extracted features 55900/371800
Extracted features 56000/371800
Extracted features 56100/371800
Extracted features 56200/371800
Extracted features 56300/371800
Extracted features 56400/371800
Extracted features 56500/371800
Extracted features 56600/371800
Extracted features 56700/371800
Extracted features 56800/371800
Extracted features 56900/371800
Extracted features 57000/371800
Extracted features 57100/371800
Extracted features 57200/371800
Extracted features 57300/371800
Extracted features 57400/371800
Extracted features 57500/371800
Extracted features 57600/371800
Extracted features 57700/371800
Extracted features 57800/371800
Extracted features 57900/371800
Extracted features 58000/371800
Extracted features 58100/371800
Extracted features 58200/371800
Extracted features 58300/371800
Extracted features 58400/371800
Extracted features 58500/371800
Extracted features 58600/371800
Extracted features 58700/371800
Extracted features 58800/371800
Extracted features 58900/371800
Extracted features 59000/371800
Extracted features 59100/371800
Extracted features 59200/371800
Extracted features 59300/371800
Extracted features 59400/371800
Extracted features 59500/371800
Extracted features 59600/371800
Extracted features 59700/371800
Extracted features 59800/371800
Extracted features 59900/371800
Extracted features 60000/371800
Extracted features 60100/371800
Extracted features 60200/371800
Extracted features 60300/371800
Extracted features 60400/371800
Extracted features 60500/371800
Extracted features 60600/371800
Extracted features 60700/371800
Extracted features 60800/371800
Extracted features 60900/371800
Extracted features 61000/371800
Extracted features 61100/371800
Extracted features 61200/371800
Extracted features 61300/371800
Extracted features 61400/371800
Extracted features 61500/371800
Extracted features 61600/371800
Extracted features 61700/371800
Extracted features 61800/371800
Extracted features 61900/371800
Extracted features 62000/371800
Extracted features 62100/371800
Extracted features 62200/371800
Extracted features 62300/371800
Extracted features 62400/371800
Extracted features 62500/371800
Extracted features 62600/371800
Extracted features 62700/371800
Extracted features 62800/371800
Extracted features 62900/371800
Extracted features 63000/371800
Extracted features 63100/371800
Extracted features 63200/371800
Extracted features 63300/371800
Extracted features 63400/371800
Extracted features 63500/371800
Extracted features 63600/371800
Extracted features 63700/371800
Extracted features 63800/371800
Extracted features 63900/371800
Extracted features 64000/371800
Extracted features 64100/371800
Extracted features 64200/371800
Extracted features 64300/371800
Extracted features 64400/371800
Extracted features 64500/371800
Extracted features 64600/371800
Extracted features 64700/371800
Extracted features 64800/371800
Extracted features 64900/371800
Extracted features 65000/371800
Extracted features 65100/371800
Extracted features 65200/371800
Extracted features 65300/371800
Extracted features 65400/371800
Extracted features 65500/371800
Extracted features 65600/371800
Extracted features 65700/371800
Extracted features 65800/371800
Extracted features 65900/371800
Extracted features 66000/371800
Extracted features 66100/371800
Extracted features 66200/371800
Extracted features 66300/371800
Extracted features 66400/371800
Extracted features 66500/371800
Extracted features 66600/371800
Extracted features 66700/371800
Extracted features 66800/371800
Extracted features 66900/371800
Extracted features 67000/371800
Extracted features 67100/371800
Extracted features 67200/371800
Extracted features 67300/371800
Extracted features 67400/371800
Extracted features 67500/371800
Extracted features 67600/371800
Extracted features 67700/371800
Extracted features 67800/371800
Extracted features 67900/371800
Extracted features 68000/371800
Extracted features 68100/371800
Extracted features 68200/371800
Extracted features 68300/371800
Extracted features 68400/371800
Extracted features 68500/371800
Extracted features 68600/371800
Extracted features 68700/371800
Extracted features 68800/371800
Extracted features 68900/371800
Extracted features 69000/371800
Extracted features 69100/371800
Extracted features 69200/371800
Extracted features 69300/371800
Extracted features 69400/371800
Extracted features 69500/371800
Extracted features 69600/371800
Extracted features 69700/371800
Extracted features 69800/371800
Extracted features 69900/371800
Extracted features 70000/371800
Extracted features 70100/371800
Extracted features 70200/371800
Extracted features 70300/371800
Extracted features 70400/371800
Extracted features 70500/371800
Extracted features 70600/371800
Extracted features 70700/371800
Extracted features 70800/371800
Extracted features 70900/371800
Extracted features 71000/371800
Extracted features 71100/371800
Extracted features 71200/371800
Extracted features 71300/371800
Extracted features 71400/371800
Extracted features 71500/371800
Extracted features 71600/371800
Extracted features 71700/371800
Extracted features 71800/371800
Extracted features 71900/371800
Extracted features 72000/371800
Extracted features 72100/371800
Extracted features 72200/371800
Extracted features 72300/371800
Extracted features 72400/371800
Extracted features 72500/371800
Extracted features 72600/371800
Extracted features 72700/371800
Extracted features 72800/371800
Extracted features 72900/371800
Extracted features 73000/371800
Extracted features 73100/371800
Extracted features 73200/371800
Extracted features 73300/371800
Extracted features 73400/371800
Extracted features 73500/371800
Extracted features 73600/371800
Extracted features 73700/371800
Extracted features 73800/371800
Extracted features 73900/371800
Extracted features 74000/371800
Extracted features 74100/371800
Extracted features 74200/371800
Extracted features 74300/371800
Extracted features 74400/371800
Extracted features 74500/371800
Extracted features 74600/371800
Extracted features 74700/371800
Extracted features 74800/371800
Extracted features 74900/371800
Extracted features 75000/371800
Extracted features 75100/371800
Extracted features 75200/371800
Extracted features 75300/371800
Extracted features 75400/371800
Extracted features 75500/371800
Extracted features 75600/371800
Extracted features 75700/371800
Extracted features 75800/371800
Extracted features 75900/371800
Extracted features 76000/371800
Extracted features 76100/371800
Extracted features 76200/371800
Extracted features 76300/371800
Extracted features 76400/371800
Extracted features 76500/371800
Extracted features 76600/371800
Extracted features 76700/371800
Extracted features 76800/371800
Extracted features 76900/371800
Extracted features 77000/371800
Extracted features 77100/371800
Extracted features 77200/371800
Extracted features 77300/371800
Extracted features 77400/371800
Extracted features 77500/371800
Extracted features 77600/371800
Extracted features 77700/371800
Extracted features 77800/371800
Extracted features 77900/371800
Extracted features 78000/371800
Extracted features 78100/371800
Extracted features 78200/371800
Extracted features 78300/371800
Extracted features 78400/371800
Extracted features 78500/371800
Extracted features 78600/371800
Extracted features 78700/371800
Extracted features 78800/371800
Extracted features 78900/371800
Extracted features 79000/371800
Extracted features 79100/371800
Extracted features 79200/371800
Extracted features 79300/371800
Extracted features 79400/371800
Extracted features 79500/371800
Extracted features 79600/371800
Extracted features 79700/371800
Extracted features 79800/371800
Extracted features 79900/371800
Extracted features 80000/371800
Extracted features 80100/371800
Extracted features 80200/371800
Extracted features 80300/371800
Extracted features 80400/371800
Extracted features 80500/371800
Extracted features 80600/371800
Extracted features 80700/371800
Extracted features 80800/371800
Extracted features 80900/371800
Extracted features 81000/371800
Extracted features 81100/371800
Extracted features 81200/371800
Extracted features 81300/371800
Extracted features 81400/371800
Extracted features 81500/371800
Extracted features 81600/371800
Extracted features 81700/371800
Extracted features 81800/371800
Extracted features 81900/371800
Extracted features 82000/371800
Extracted features 82100/371800
Extracted features 82200/371800
Extracted features 82300/371800
Extracted features 82400/371800
Extracted features 82500/371800
Extracted features 82600/371800
Extracted features 82700/371800
Extracted features 82800/371800
Extracted features 82900/371800
Extracted features 83000/371800
Extracted features 83100/371800
Extracted features 83200/371800
Extracted features 83300/371800
Extracted features 83400/371800
Extracted features 83500/371800
Extracted features 83600/371800
Extracted features 83700/371800
Extracted features 83800/371800
Extracted features 83900/371800
Extracted features 84000/371800
Extracted features 84100/371800
Extracted features 84200/371800
Extracted features 84300/371800
Extracted features 84400/371800
Extracted features 84500/371800
Extracted features 84600/371800
Extracted features 84700/371800
Extracted features 84800/371800
Extracted features 84900/371800
Extracted features 85000/371800
Extracted features 85100/371800
Extracted features 85200/371800
Extracted features 85300/371800
Extracted features 85400/371800
Extracted features 85500/371800
Extracted features 85600/371800
Extracted features 85700/371800
Extracted features 85800/371800
Extracted features 85900/371800
Extracted features 86000/371800
Extracted features 86100/371800
Extracted features 86200/371800
Extracted features 86300/371800
Extracted features 86400/371800
Extracted features 86500/371800
Extracted features 86600/371800
Extracted features 86700/371800
Extracted features 86800/371800
Extracted features 86900/371800
Extracted features 87000/371800
Extracted features 87100/371800
Extracted features 87200/371800
Extracted features 87300/371800
Extracted features 87400/371800
Extracted features 87500/371800
Extracted features 87600/371800
Extracted features 87700/371800
Extracted features 87800/371800
Extracted features 87900/371800
Extracted features 88000/371800
Extracted features 88100/371800
Extracted features 88200/371800
Extracted features 88300/371800
Extracted features 88400/371800
Extracted features 88500/371800
Extracted features 88600/371800
Extracted features 88700/371800
Extracted features 88800/371800
Extracted features 88900/371800
Extracted features 89000/371800
Extracted features 89100/371800
Extracted features 89200/371800
Extracted features 89300/371800
Extracted features 89400/371800
Extracted features 89500/371800
Extracted features 89600/371800
Extracted features 89700/371800
Extracted features 89800/371800
Extracted features 89900/371800
Extracted features 90000/371800
Extracted features 90100/371800
Extracted features 90200/371800
Extracted features 90300/371800
Extracted features 90400/371800
Extracted features 90500/371800
Extracted features 90600/371800
Extracted features 90700/371800
Extracted features 90800/371800
Extracted features 90900/371800
Extracted features 91000/371800
Extracted features 91100/371800
Extracted features 91200/371800
Extracted features 91300/371800
Extracted features 91400/371800
Extracted features 91500/371800
Extracted features 91600/371800
Extracted features 91700/371800
Extracted features 91800/371800
Extracted features 91900/371800
Extracted features 92000/371800
Extracted features 92100/371800
Extracted features 92200/371800
Extracted features 92300/371800
Extracted features 92400/371800
Extracted features 92500/371800
Extracted features 92600/371800
Extracted features 92700/371800
Extracted features 92800/371800
Extracted features 92900/371800
Extracted features 93000/371800
Extracted features 93100/371800
Extracted features 93200/371800
Extracted features 93300/371800
Extracted features 93400/371800
Extracted features 93500/371800
Extracted features 93600/371800
Extracted features 93700/371800
Extracted features 93800/371800
Extracted features 93900/371800
Extracted features 94000/371800
Extracted features 94100/371800
Extracted features 94200/371800
Extracted features 94300/371800
Extracted features 94400/371800
Extracted features 94500/371800
Extracted features 94600/371800
Extracted features 94700/371800
Extracted features 94800/371800
Extracted features 94900/371800
Extracted features 95000/371800
Extracted features 95100/371800
Extracted features 95200/371800
Extracted features 95300/371800
Extracted features 95400/371800
Extracted features 95500/371800
Extracted features 95600/371800
Extracted features 95700/371800
Extracted features 95800/371800
Extracted features 95900/371800
Extracted features 96000/371800
Extracted features 96100/371800
Extracted features 96200/371800
Extracted features 96300/371800
Extracted features 96400/371800
Extracted features 96500/371800
Extracted features 96600/371800
Extracted features 96700/371800
Extracted features 96800/371800
Extracted features 96900/371800
Extracted features 97000/371800
Extracted features 97100/371800
Extracted features 97200/371800
Extracted features 97300/371800
Extracted features 97400/371800
Extracted features 97500/371800
Extracted features 97600/371800
Extracted features 97700/371800
Extracted features 97800/371800
Extracted features 97900/371800
Extracted features 98000/371800
Extracted features 98100/371800
Extracted features 98200/371800
Extracted features 98300/371800
Extracted features 98400/371800
Extracted features 98500/371800
Extracted features 98600/371800
Extracted features 98700/371800
Extracted features 98800/371800
Extracted features 98900/371800
Extracted features 99000/371800
Extracted features 99100/371800
Extracted features 99200/371800
Extracted features 99300/371800
Extracted features 99400/371800
Extracted features 99500/371800
Extracted features 99600/371800
Extracted features 99700/371800
Extracted features 99800/371800
Extracted features 99900/371800
Extracted features 100000/371800
Extracted features 100100/371800
Extracted features 100200/371800
Extracted features 100300/371800
Extracted features 100400/371800
Extracted features 100500/371800
Extracted features 100600/371800
Extracted features 100700/371800
Extracted features 100800/371800
Extracted features 100900/371800
Extracted features 101000/371800
Extracted features 101100/371800
Extracted features 101200/371800
Extracted features 101300/371800
Extracted features 101400/371800
Extracted features 101500/371800
Extracted features 101600/371800
Extracted features 101700/371800
Extracted features 101800/371800
Extracted features 101900/371800
Extracted features 102000/371800
Extracted features 102100/371800
Extracted features 102200/371800
Extracted features 102300/371800
Extracted features 102400/371800
Extracted features 102500/371800
Extracted features 102600/371800
Extracted features 102700/371800
Extracted features 102800/371800
Extracted features 102900/371800
Extracted features 103000/371800
Extracted features 103100/371800
Extracted features 103200/371800
Extracted features 103300/371800
Extracted features 103400/371800
Extracted features 103500/371800
Extracted features 103600/371800
Extracted features 103700/371800
Extracted features 103800/371800
Extracted features 103900/371800
Extracted features 104000/371800
Extracted features 104100/371800
Extracted features 104200/371800
Extracted features 104300/371800
Extracted features 104400/371800
Extracted features 104500/371800
Extracted features 104600/371800
Extracted features 104700/371800
Extracted features 104800/371800
Extracted features 104900/371800
Extracted features 105000/371800
Extracted features 105100/371800
Extracted features 105200/371800
Extracted features 105300/371800
Extracted features 105400/371800
Extracted features 105500/371800
Extracted features 105600/371800
Extracted features 105700/371800
Extracted features 105800/371800
Extracted features 105900/371800
Extracted features 106000/371800
Extracted features 106100/371800
Extracted features 106200/371800
Extracted features 106300/371800
Extracted features 106400/371800
Extracted features 106500/371800
Extracted features 106600/371800
Extracted features 106700/371800
Extracted features 106800/371800
Extracted features 106900/371800
Extracted features 107000/371800
Extracted features 107100/371800
Extracted features 107200/371800
Extracted features 107300/371800
Extracted features 107400/371800
Extracted features 107500/371800
Extracted features 107600/371800
Extracted features 107700/371800
Extracted features 107800/371800
Extracted features 107900/371800
Extracted features 108000/371800
Extracted features 108100/371800
Extracted features 108200/371800
Extracted features 108300/371800
Extracted features 108400/371800
Extracted features 108500/371800
Extracted features 108600/371800
Extracted features 108700/371800
Extracted features 108800/371800
Extracted features 108900/371800
Extracted features 109000/371800
Extracted features 109100/371800
Extracted features 109200/371800
Extracted features 109300/371800
Extracted features 109400/371800
Extracted features 109500/371800
Extracted features 109600/371800
Extracted features 109700/371800
Extracted features 109800/371800
Extracted features 109900/371800
Extracted features 110000/371800
Extracted features 110100/371800
Extracted features 110200/371800
Extracted features 110300/371800
Extracted features 110400/371800
Extracted features 110500/371800
Extracted features 110600/371800
Extracted features 110700/371800
Extracted features 110800/371800
Extracted features 110900/371800
Extracted features 111000/371800
Extracted features 111100/371800
Extracted features 111200/371800
Extracted features 111300/371800
Extracted features 111400/371800
Extracted features 111500/371800
Extracted features 111600/371800
Extracted features 111700/371800
Extracted features 111800/371800
Extracted features 111900/371800
Extracted features 112000/371800
Extracted features 112100/371800
Extracted features 112200/371800
Extracted features 112300/371800
Extracted features 112400/371800
Extracted features 112500/371800
Extracted features 112600/371800
Extracted features 112700/371800
Extracted features 112800/371800
Extracted features 112900/371800
Extracted features 113000/371800
Extracted features 113100/371800
Extracted features 113200/371800
Extracted features 113300/371800
Extracted features 113400/371800
Extracted features 113500/371800
Extracted features 113600/371800
Extracted features 113700/371800
Extracted features 113800/371800
Extracted features 113900/371800
Extracted features 114000/371800
Extracted features 114100/371800
Extracted features 114200/371800
Extracted features 114300/371800
Extracted features 114400/371800
Extracted features 114500/371800
Extracted features 114600/371800
Extracted features 114700/371800
Extracted features 114800/371800
Extracted features 114900/371800
Extracted features 115000/371800
Extracted features 115100/371800
Extracted features 115200/371800
Extracted features 115300/371800
Extracted features 115400/371800
Extracted features 115500/371800
Extracted features 115600/371800
Extracted features 115700/371800
Extracted features 115800/371800
Extracted features 115900/371800
Extracted features 116000/371800
Extracted features 116100/371800
Extracted features 116200/371800
Extracted features 116300/371800
Extracted features 116400/371800
Extracted features 116500/371800
Extracted features 116600/371800
Extracted features 116700/371800
Extracted features 116800/371800
Extracted features 116900/371800
Extracted features 117000/371800
Extracted features 117100/371800
Extracted features 117200/371800
Extracted features 117300/371800
Extracted features 117400/371800
Extracted features 117500/371800
Extracted features 117600/371800
Extracted features 117700/371800
Extracted features 117800/371800
Extracted features 117900/371800
Extracted features 118000/371800
Extracted features 118100/371800
Extracted features 118200/371800
Extracted features 118300/371800
Extracted features 118400/371800
Extracted features 118500/371800
Extracted features 118600/371800
Extracted features 118700/371800
Extracted features 118800/371800
Extracted features 118900/371800
Extracted features 119000/371800
Extracted features 119100/371800
Extracted features 119200/371800
Extracted features 119300/371800
Extracted features 119400/371800
Extracted features 119500/371800
Extracted features 119600/371800
Extracted features 119700/371800
Extracted features 119800/371800
Extracted features 119900/371800
Extracted features 120000/371800
Extracted features 120100/371800
Extracted features 120200/371800
Extracted features 120300/371800
Extracted features 120400/371800
Extracted features 120500/371800
Extracted features 120600/371800
Extracted features 120700/371800
Extracted features 120800/371800
Extracted features 120900/371800
Extracted features 121000/371800
Extracted features 121100/371800
Extracted features 121200/371800
Extracted features 121300/371800
Extracted features 121400/371800
Extracted features 121500/371800
Extracted features 121600/371800
Extracted features 121700/371800
Extracted features 121800/371800
Extracted features 121900/371800
Extracted features 122000/371800
Extracted features 122100/371800
Extracted features 122200/371800
Extracted features 122300/371800
Extracted features 122400/371800
Extracted features 122500/371800
Extracted features 122600/371800
Extracted features 122700/371800
Extracted features 122800/371800
Extracted features 122900/371800
Extracted features 123000/371800
Extracted features 123100/371800
Extracted features 123200/371800
Extracted features 123300/371800
Extracted features 123400/371800
Extracted features 123500/371800
Extracted features 123600/371800
Extracted features 123700/371800
Extracted features 123800/371800
Extracted features 123900/371800
Extracted features 124000/371800
Extracted features 124100/371800
Extracted features 124200/371800
Extracted features 124300/371800
Extracted features 124400/371800
Extracted features 124500/371800
Extracted features 124600/371800
Extracted features 124700/371800
Extracted features 124800/371800
Extracted features 124900/371800
Extracted features 125000/371800
Extracted features 125100/371800
Extracted features 125200/371800
Extracted features 125300/371800
Extracted features 125400/371800
Extracted features 125500/371800
Extracted features 125600/371800
Extracted features 125700/371800
Extracted features 125800/371800
Extracted features 125900/371800
Extracted features 126000/371800
Extracted features 126100/371800
Extracted features 126200/371800
Extracted features 126300/371800
Extracted features 126400/371800
Extracted features 126500/371800
Extracted features 126600/371800
Extracted features 126700/371800
Extracted features 126800/371800
Extracted features 126900/371800
Extracted features 127000/371800
Extracted features 127100/371800
Extracted features 127200/371800
Extracted features 127300/371800
Extracted features 127400/371800
Extracted features 127500/371800
Extracted features 127600/371800
Extracted features 127700/371800
Extracted features 127800/371800
Extracted features 127900/371800
Extracted features 128000/371800
Extracted features 128100/371800
Extracted features 128200/371800
Extracted features 128300/371800
Extracted features 128400/371800
Extracted features 128500/371800
Extracted features 128600/371800
Extracted features 128700/371800
Extracted features 128800/371800
Extracted features 128900/371800
Extracted features 129000/371800
Extracted features 129100/371800
Extracted features 129200/371800
Extracted features 129300/371800
Extracted features 129400/371800
Extracted features 129500/371800
Extracted features 129600/371800
Extracted features 129700/371800
Extracted features 129800/371800
Extracted features 129900/371800
Extracted features 130000/371800
Extracted features 130100/371800
Extracted features 130200/371800
Extracted features 130300/371800
Extracted features 130400/371800
Extracted features 130500/371800
Extracted features 130600/371800
Extracted features 130700/371800
Extracted features 130800/371800
Extracted features 130900/371800
Extracted features 131000/371800
Extracted features 131100/371800
Extracted features 131200/371800
Extracted features 131300/371800
Extracted features 131400/371800
Extracted features 131500/371800
Extracted features 131600/371800
Extracted features 131700/371800
Extracted features 131800/371800
Extracted features 131900/371800
Extracted features 132000/371800
Extracted features 132100/371800
Extracted features 132200/371800
Extracted features 132300/371800
Extracted features 132400/371800
Extracted features 132500/371800
Extracted features 132600/371800
Extracted features 132700/371800
Extracted features 132800/371800
Extracted features 132900/371800
Extracted features 133000/371800
Extracted features 133100/371800
Extracted features 133200/371800
Extracted features 133300/371800
Extracted features 133400/371800
Extracted features 133500/371800
Extracted features 133600/371800
Extracted features 133700/371800
Extracted features 133800/371800
Extracted features 133900/371800
Extracted features 134000/371800
Extracted features 134100/371800
Extracted features 134200/371800
Extracted features 134300/371800
Extracted features 134400/371800
Extracted features 134500/371800
Extracted features 134600/371800
Extracted features 134700/371800
Extracted features 134800/371800
Extracted features 134900/371800
Extracted features 135000/371800
Extracted features 135100/371800
Extracted features 135200/371800
Extracted features 135300/371800
Extracted features 135400/371800
Extracted features 135500/371800
Extracted features 135600/371800
Extracted features 135700/371800
Extracted features 135800/371800
Extracted features 135900/371800
Extracted features 136000/371800
Extracted features 136100/371800
Extracted features 136200/371800
Extracted features 136300/371800
Extracted features 136400/371800
Extracted features 136500/371800
Extracted features 136600/371800
Extracted features 136700/371800
Extracted features 136800/371800
Extracted features 136900/371800
Extracted features 137000/371800
Extracted features 137100/371800
Extracted features 137200/371800
Extracted features 137300/371800
Extracted features 137400/371800
Extracted features 137500/371800
Extracted features 137600/371800
Extracted features 137700/371800
Extracted features 137800/371800
Extracted features 137900/371800
Extracted features 138000/371800
Extracted features 138100/371800
Extracted features 138200/371800
Extracted features 138300/371800
Extracted features 138400/371800
Extracted features 138500/371800
Extracted features 138600/371800
Extracted features 138700/371800
Extracted features 138800/371800
Extracted features 138900/371800
Extracted features 139000/371800
Extracted features 139100/371800
Extracted features 139200/371800
Extracted features 139300/371800
Extracted features 139400/371800
Extracted features 139500/371800
Extracted features 139600/371800
Extracted features 139700/371800
Extracted features 139800/371800
Extracted features 139900/371800
Extracted features 140000/371800
Extracted features 140100/371800
Extracted features 140200/371800
Extracted features 140300/371800
Extracted features 140400/371800
Extracted features 140500/371800
Extracted features 140600/371800
Extracted features 140700/371800
Extracted features 140800/371800
Extracted features 140900/371800
Extracted features 141000/371800
Extracted features 141100/371800
Extracted features 141200/371800
Extracted features 141300/371800
Extracted features 141400/371800
Extracted features 141500/371800
Extracted features 141600/371800
Extracted features 141700/371800
Extracted features 141800/371800
Extracted features 141900/371800
Extracted features 142000/371800
Extracted features 142100/371800
Extracted features 142200/371800
Extracted features 142300/371800
Extracted features 142400/371800
Extracted features 142500/371800
Extracted features 142600/371800
Extracted features 142700/371800
Extracted features 142800/371800
Extracted features 142900/371800
Extracted features 143000/371800
Extracted features 143100/371800
Extracted features 143200/371800
Extracted features 143300/371800
Extracted features 143400/371800
Extracted features 143500/371800
Extracted features 143600/371800
Extracted features 143700/371800
Extracted features 143800/371800
Extracted features 143900/371800
Extracted features 144000/371800
Extracted features 144100/371800
Extracted features 144200/371800
Extracted features 144300/371800
Extracted features 144400/371800
Extracted features 144500/371800
Extracted features 144600/371800
Extracted features 144700/371800
Extracted features 144800/371800
Extracted features 144900/371800
Extracted features 145000/371800
Extracted features 145100/371800
Extracted features 145200/371800
Extracted features 145300/371800
Extracted features 145400/371800
Extracted features 145500/371800
Extracted features 145600/371800
Extracted features 145700/371800
Extracted features 145800/371800
Extracted features 145900/371800
Extracted features 146000/371800
Extracted features 146100/371800
Extracted features 146200/371800
Extracted features 146300/371800
Extracted features 146400/371800
Extracted features 146500/371800
Extracted features 146600/371800
Extracted features 146700/371800
Extracted features 146800/371800
Extracted features 146900/371800
Extracted features 147000/371800
Extracted features 147100/371800
Extracted features 147200/371800
Extracted features 147300/371800
Extracted features 147400/371800
Extracted features 147500/371800
Extracted features 147600/371800
Extracted features 147700/371800
Extracted features 147800/371800
Extracted features 147900/371800
Extracted features 148000/371800
Extracted features 148100/371800
Extracted features 148200/371800
Extracted features 148300/371800
Extracted features 148400/371800
Extracted features 148500/371800
Extracted features 148600/371800
Extracted features 148700/371800
Extracted features 148800/371800
Extracted features 148900/371800
Extracted features 149000/371800
Extracted features 149100/371800
Extracted features 149200/371800
Extracted features 149300/371800
Extracted features 149400/371800
Extracted features 149500/371800
Extracted features 149600/371800
Extracted features 149700/371800
Extracted features 149800/371800
Extracted features 149900/371800
Extracted features 150000/371800
Extracted features 150100/371800
Extracted features 150200/371800
Extracted features 150300/371800
Extracted features 150400/371800
Extracted features 150500/371800
Extracted features 150600/371800
Extracted features 150700/371800
Extracted features 150800/371800
Extracted features 150900/371800
Extracted features 151000/371800
Extracted features 151100/371800
Extracted features 151200/371800
Extracted features 151300/371800
Extracted features 151400/371800
Extracted features 151500/371800
Extracted features 151600/371800
Extracted features 151700/371800
Extracted features 151800/371800
Extracted features 151900/371800
Extracted features 152000/371800
Extracted features 152100/371800
Extracted features 152200/371800
Extracted features 152300/371800
Extracted features 152400/371800
Extracted features 152500/371800
Extracted features 152600/371800
Extracted features 152700/371800
Extracted features 152800/371800
Extracted features 152900/371800
Extracted features 153000/371800
Extracted features 153100/371800
Extracted features 153200/371800
Extracted features 153300/371800
Extracted features 153400/371800
Extracted features 153500/371800
Extracted features 153600/371800
Extracted features 153700/371800
Extracted features 153800/371800
Extracted features 153900/371800
Extracted features 154000/371800
Extracted features 154100/371800
Extracted features 154200/371800
Extracted features 154300/371800
Extracted features 154400/371800
Extracted features 154500/371800
Extracted features 154600/371800
Extracted features 154700/371800
Extracted features 154800/371800
Extracted features 154900/371800
Extracted features 155000/371800
Extracted features 155100/371800
Extracted features 155200/371800
Extracted features 155300/371800
Extracted features 155400/371800
Extracted features 155500/371800
Extracted features 155600/371800
Extracted features 155700/371800
Extracted features 155800/371800
Extracted features 155900/371800
Extracted features 156000/371800
Extracted features 156100/371800
Extracted features 156200/371800
Extracted features 156300/371800
Extracted features 156400/371800
Extracted features 156500/371800
Extracted features 156600/371800
Extracted features 156700/371800
Extracted features 156800/371800
Extracted features 156900/371800
Extracted features 157000/371800
Extracted features 157100/371800
Extracted features 157200/371800
Extracted features 157300/371800
Extracted features 157400/371800
Extracted features 157500/371800
Extracted features 157600/371800
Extracted features 157700/371800
Extracted features 157800/371800
Extracted features 157900/371800
Extracted features 158000/371800
Extracted features 158100/371800
Extracted features 158200/371800
Extracted features 158300/371800
Extracted features 158400/371800
Extracted features 158500/371800
Extracted features 158600/371800
Extracted features 158700/371800
Extracted features 158800/371800
Extracted features 158900/371800
Extracted features 159000/371800
Extracted features 159100/371800
Extracted features 159200/371800
Extracted features 159300/371800
Extracted features 159400/371800
Extracted features 159500/371800
Extracted features 159600/371800
Extracted features 159700/371800
Extracted features 159800/371800
Extracted features 159900/371800
Extracted features 160000/371800
Extracted features 160100/371800
Extracted features 160200/371800
Extracted features 160300/371800
Extracted features 160400/371800
Extracted features 160500/371800
Extracted features 160600/371800
Extracted features 160700/371800
Extracted features 160800/371800
Extracted features 160900/371800
Extracted features 161000/371800
Extracted features 161100/371800
Extracted features 161200/371800
Extracted features 161300/371800
Extracted features 161400/371800
Extracted features 161500/371800
Extracted features 161600/371800
Extracted features 161700/371800
Extracted features 161800/371800
Extracted features 161900/371800
Extracted features 162000/371800
Extracted features 162100/371800
Extracted features 162200/371800
Extracted features 162300/371800
Extracted features 162400/371800
Extracted features 162500/371800
Extracted features 162600/371800
Extracted features 162700/371800
Extracted features 162800/371800
Extracted features 162900/371800
Extracted features 163000/371800
Extracted features 163100/371800
Extracted features 163200/371800
Extracted features 163300/371800
Extracted features 163400/371800
Extracted features 163500/371800
Extracted features 163600/371800
Extracted features 163700/371800
Extracted features 163800/371800
Extracted features 163900/371800
Extracted features 164000/371800
Extracted features 164100/371800
Extracted features 164200/371800
Extracted features 164300/371800
Extracted features 164400/371800
Extracted features 164500/371800
Extracted features 164600/371800
Extracted features 164700/371800
Extracted features 164800/371800
Extracted features 164900/371800
Extracted features 165000/371800
Extracted features 165100/371800
Extracted features 165200/371800
Extracted features 165300/371800
Extracted features 165400/371800
Extracted features 165500/371800
Extracted features 165600/371800
Extracted features 165700/371800
Extracted features 165800/371800
Extracted features 165900/371800
Extracted features 166000/371800
Extracted features 166100/371800
Extracted features 166200/371800
Extracted features 166300/371800
Extracted features 166400/371800
Extracted features 166500/371800
Extracted features 166600/371800
Extracted features 166700/371800
Extracted features 166800/371800
Extracted features 166900/371800
Extracted features 167000/371800
Extracted features 167100/371800
Extracted features 167200/371800
Extracted features 167300/371800
Extracted features 167400/371800
Extracted features 167500/371800
Extracted features 167600/371800
Extracted features 167700/371800
Extracted features 167800/371800
Extracted features 167900/371800
Extracted features 168000/371800
Extracted features 168100/371800
Extracted features 168200/371800
Extracted features 168300/371800
Extracted features 168400/371800
Extracted features 168500/371800
Extracted features 168600/371800
Extracted features 168700/371800
Extracted features 168800/371800
Extracted features 168900/371800
Extracted features 169000/371800
Extracted features 169100/371800
Extracted features 169200/371800
Extracted features 169300/371800
Extracted features 169400/371800
Extracted features 169500/371800
Extracted features 169600/371800
Extracted features 169700/371800
Extracted features 169800/371800
Extracted features 169900/371800
Extracted features 170000/371800
Extracted features 170100/371800
Extracted features 170200/371800
Extracted features 170300/371800
Extracted features 170400/371800
Extracted features 170500/371800
Extracted features 170600/371800
Extracted features 170700/371800
Extracted features 170800/371800
Extracted features 170900/371800
Extracted features 171000/371800
Extracted features 171100/371800
Extracted features 171200/371800
Extracted features 171300/371800
Extracted features 171400/371800
Extracted features 171500/371800
Extracted features 171600/371800
Extracted features 171700/371800
Extracted features 171800/371800
Extracted features 171900/371800
Extracted features 172000/371800
Extracted features 172100/371800
Extracted features 172200/371800
Extracted features 172300/371800
Extracted features 172400/371800
Extracted features 172500/371800
Extracted features 172600/371800
Extracted features 172700/371800
Extracted features 172800/371800
Extracted features 172900/371800
Extracted features 173000/371800
Extracted features 173100/371800
Extracted features 173200/371800
Extracted features 173300/371800
Extracted features 173400/371800
Extracted features 173500/371800
Extracted features 173600/371800
Extracted features 173700/371800
Extracted features 173800/371800
Extracted features 173900/371800
Extracted features 174000/371800
Extracted features 174100/371800
Extracted features 174200/371800
Extracted features 174300/371800
Extracted features 174400/371800
Extracted features 174500/371800
Extracted features 174600/371800
Extracted features 174700/371800
Extracted features 174800/371800
Extracted features 174900/371800
Extracted features 175000/371800
Extracted features 175100/371800
Extracted features 175200/371800
Extracted features 175300/371800
Extracted features 175400/371800
Extracted features 175500/371800
Extracted features 175600/371800
Extracted features 175700/371800
Extracted features 175800/371800
Extracted features 175900/371800
Extracted features 176000/371800
Extracted features 176100/371800
Extracted features 176200/371800
Extracted features 176300/371800
Extracted features 176400/371800
Extracted features 176500/371800
Extracted features 176600/371800
Extracted features 176700/371800
Extracted features 176800/371800
Extracted features 176900/371800
Extracted features 177000/371800
Extracted features 177100/371800
Extracted features 177200/371800
Extracted features 177300/371800
Extracted features 177400/371800
Extracted features 177500/371800
Extracted features 177600/371800
Extracted features 177700/371800
Extracted features 177800/371800
Extracted features 177900/371800
Extracted features 178000/371800
Extracted features 178100/371800
Extracted features 178200/371800
Extracted features 178300/371800
Extracted features 178400/371800
Extracted features 178500/371800
Extracted features 178600/371800
Extracted features 178700/371800
Extracted features 178800/371800
Extracted features 178900/371800
Extracted features 179000/371800
Extracted features 179100/371800
Extracted features 179200/371800
Extracted features 179300/371800
Extracted features 179400/371800
Extracted features 179500/371800
Extracted features 179600/371800
Extracted features 179700/371800
Extracted features 179800/371800
Extracted features 179900/371800
Extracted features 180000/371800
Extracted features 180100/371800
Extracted features 180200/371800
Extracted features 180300/371800
Extracted features 180400/371800
Extracted features 180500/371800
Extracted features 180600/371800
Extracted features 180700/371800
Extracted features 180800/371800
Extracted features 180900/371800
Extracted features 181000/371800
Extracted features 181100/371800
Extracted features 181200/371800
Extracted features 181300/371800
Extracted features 181400/371800
Extracted features 181500/371800
Extracted features 181600/371800
Extracted features 181700/371800
Extracted features 181800/371800
Extracted features 181900/371800
Extracted features 182000/371800
Extracted features 182100/371800
Extracted features 182200/371800
Extracted features 182300/371800
Extracted features 182400/371800
Extracted features 182500/371800
Extracted features 182600/371800
Extracted features 182700/371800
Extracted features 182800/371800
Extracted features 182900/371800
Extracted features 183000/371800
Extracted features 183100/371800
Extracted features 183200/371800
Extracted features 183300/371800
Extracted features 183400/371800
Extracted features 183500/371800
Extracted features 183600/371800
Extracted features 183700/371800
Extracted features 183800/371800
Extracted features 183900/371800
Extracted features 184000/371800
Extracted features 184100/371800
Extracted features 184200/371800
Extracted features 184300/371800
Extracted features 184400/371800
Extracted features 184500/371800
Extracted features 184600/371800
Extracted features 184700/371800
Extracted features 184800/371800
Extracted features 184900/371800
Extracted features 185000/371800
Extracted features 185100/371800
Extracted features 185200/371800
Extracted features 185300/371800
Extracted features 185400/371800
Extracted features 185500/371800
Extracted features 185600/371800
Extracted features 185700/371800
Extracted features 185800/371800
Extracted features 185900/371800
Extracted features 186000/371800
Extracted features 186100/371800
Extracted features 186200/371800
Extracted features 186300/371800
Extracted features 186400/371800
Extracted features 186500/371800
Extracted features 186600/371800
Extracted features 186700/371800
Extracted features 186800/371800
Extracted features 186900/371800
Extracted features 187000/371800
Extracted features 187100/371800
Extracted features 187200/371800
Extracted features 187300/371800
Extracted features 187400/371800
Extracted features 187500/371800
Extracted features 187600/371800
Extracted features 187700/371800
Extracted features 187800/371800
Extracted features 187900/371800
Extracted features 188000/371800
Extracted features 188100/371800
Extracted features 188200/371800
Extracted features 188300/371800
Extracted features 188400/371800
Extracted features 188500/371800
Extracted features 188600/371800
Extracted features 188700/371800
Extracted features 188800/371800
Extracted features 188900/371800
Extracted features 189000/371800
Extracted features 189100/371800
Extracted features 189200/371800
Extracted features 189300/371800
Extracted features 189400/371800
Extracted features 189500/371800
Extracted features 189600/371800
Extracted features 189700/371800
Extracted features 189800/371800
Extracted features 189900/371800
Extracted features 190000/371800
Extracted features 190100/371800
Extracted features 190200/371800
Extracted features 190300/371800
Extracted features 190400/371800
Extracted features 190500/371800
Extracted features 190600/371800
Extracted features 190700/371800
Extracted features 190800/371800
Extracted features 190900/371800
Extracted features 191000/371800
Extracted features 191100/371800
Extracted features 191200/371800
Extracted features 191300/371800
Extracted features 191400/371800
Extracted features 191500/371800
Extracted features 191600/371800
Extracted features 191700/371800
Extracted features 191800/371800
Extracted features 191900/371800
Extracted features 192000/371800
Extracted features 192100/371800
Extracted features 192200/371800
Extracted features 192300/371800
Extracted features 192400/371800
Extracted features 192500/371800
Extracted features 192600/371800
Extracted features 192700/371800
Extracted features 192800/371800
Extracted features 192900/371800
Extracted features 193000/371800
Extracted features 193100/371800
Extracted features 193200/371800
Extracted features 193300/371800
Extracted features 193400/371800
Extracted features 193500/371800
Extracted features 193600/371800
Extracted features 193700/371800
Extracted features 193800/371800
Extracted features 193900/371800
Extracted features 194000/371800
Extracted features 194100/371800
Extracted features 194200/371800
Extracted features 194300/371800
Extracted features 194400/371800
Extracted features 194500/371800
Extracted features 194600/371800
Extracted features 194700/371800
Extracted features 194800/371800
Extracted features 194900/371800
Extracted features 195000/371800
Extracted features 195100/371800
Extracted features 195200/371800
Extracted features 195300/371800
Extracted features 195400/371800
Extracted features 195500/371800
Extracted features 195600/371800
Extracted features 195700/371800
Extracted features 195800/371800
Extracted features 195900/371800
Extracted features 196000/371800
Extracted features 196100/371800
Extracted features 196200/371800
Extracted features 196300/371800
Extracted features 196400/371800
Extracted features 196500/371800
Extracted features 196600/371800
Extracted features 196700/371800
Extracted features 196800/371800
Extracted features 196900/371800
Extracted features 197000/371800
Extracted features 197100/371800
Extracted features 197200/371800
Extracted features 197300/371800
Extracted features 197400/371800
Extracted features 197500/371800
Extracted features 197600/371800
Extracted features 197700/371800
Extracted features 197800/371800
Extracted features 197900/371800
Extracted features 198000/371800
Extracted features 198100/371800
Extracted features 198200/371800
Extracted features 198300/371800
Extracted features 198400/371800
Extracted features 198500/371800
Extracted features 198600/371800
Extracted features 198700/371800
Extracted features 198800/371800
Extracted features 198900/371800
Extracted features 199000/371800
Extracted features 199100/371800
Extracted features 199200/371800
Extracted features 199300/371800
Extracted features 199400/371800
Extracted features 199500/371800
Extracted features 199600/371800
Extracted features 199700/371800
Extracted features 199800/371800
Extracted features 199900/371800
Extracted features 200000/371800
Extracted features 200100/371800
Extracted features 200200/371800
Extracted features 200300/371800
Extracted features 200400/371800
Extracted features 200500/371800
Extracted features 200600/371800
Extracted features 200700/371800
Extracted features 200800/371800
Extracted features 200900/371800
Extracted features 201000/371800
Extracted features 201100/371800
Extracted features 201200/371800
Extracted features 201300/371800
Extracted features 201400/371800
Extracted features 201500/371800
Extracted features 201600/371800
Extracted features 201700/371800
Extracted features 201800/371800
Extracted features 201900/371800
Extracted features 202000/371800
Extracted features 202100/371800
Extracted features 202200/371800
Extracted features 202300/371800
Extracted features 202400/371800
Extracted features 202500/371800
Extracted features 202600/371800
Extracted features 202700/371800
Extracted features 202800/371800
Extracted features 202900/371800
Extracted features 203000/371800
Extracted features 203100/371800
Extracted features 203200/371800
Extracted features 203300/371800
Extracted features 203400/371800
Extracted features 203500/371800
Extracted features 203600/371800
Extracted features 203700/371800
Extracted features 203800/371800
Extracted features 203900/371800
Extracted features 204000/371800
Extracted features 204100/371800
Extracted features 204200/371800
Extracted features 204300/371800
Extracted features 204400/371800
Extracted features 204500/371800
Extracted features 204600/371800
Extracted features 204700/371800
Extracted features 204800/371800
Extracted features 204900/371800
Extracted features 205000/371800
Extracted features 205100/371800
Extracted features 205200/371800
Extracted features 205300/371800
Extracted features 205400/371800
Extracted features 205500/371800
Extracted features 205600/371800
Extracted features 205700/371800
Extracted features 205800/371800
Extracted features 205900/371800
Extracted features 206000/371800
Extracted features 206100/371800
Extracted features 206200/371800
Extracted features 206300/371800
Extracted features 206400/371800
Extracted features 206500/371800
Extracted features 206600/371800
Extracted features 206700/371800
Extracted features 206800/371800
Extracted features 206900/371800
Extracted features 207000/371800
Extracted features 207100/371800
Extracted features 207200/371800
Extracted features 207300/371800
Extracted features 207400/371800
Extracted features 207500/371800
Extracted features 207600/371800
Extracted features 207700/371800
Extracted features 207800/371800
Extracted features 207900/371800
Extracted features 208000/371800
Extracted features 208100/371800
Extracted features 208200/371800
Extracted features 208300/371800
Extracted features 208400/371800
Extracted features 208500/371800
Extracted features 208600/371800
Extracted features 208700/371800
Extracted features 208800/371800
Extracted features 208900/371800
Extracted features 209000/371800
Extracted features 209100/371800
Extracted features 209200/371800
Extracted features 209300/371800
Extracted features 209400/371800
Extracted features 209500/371800
Extracted features 209600/371800
Extracted features 209700/371800
Extracted features 209800/371800
Extracted features 209900/371800
Extracted features 210000/371800
Extracted features 210100/371800
Extracted features 210200/371800
Extracted features 210300/371800
Extracted features 210400/371800
Extracted features 210500/371800
Extracted features 210600/371800
Extracted features 210700/371800
Extracted features 210800/371800
Extracted features 210900/371800
Extracted features 211000/371800
Extracted features 211100/371800
Extracted features 211200/371800
Extracted features 211300/371800
Extracted features 211400/371800
Extracted features 211500/371800
Extracted features 211600/371800
Extracted features 211700/371800
Extracted features 211800/371800
Extracted features 211900/371800
Extracted features 212000/371800
Extracted features 212100/371800
Extracted features 212200/371800
Extracted features 212300/371800
Extracted features 212400/371800
Extracted features 212500/371800
Extracted features 212600/371800
Extracted features 212700/371800
Extracted features 212800/371800
Extracted features 212900/371800
Extracted features 213000/371800
Extracted features 213100/371800
Extracted features 213200/371800
Extracted features 213300/371800
Extracted features 213400/371800
Extracted features 213500/371800
Extracted features 213600/371800
Extracted features 213700/371800
Extracted features 213800/371800
Extracted features 213900/371800
Extracted features 214000/371800
Extracted features 214100/371800
Extracted features 214200/371800
Extracted features 214300/371800
Extracted features 214400/371800
Extracted features 214500/371800
Extracted features 214600/371800
Extracted features 214700/371800
Extracted features 214800/371800
Extracted features 214900/371800
Extracted features 215000/371800
Extracted features 215100/371800
Extracted features 215200/371800
Extracted features 215300/371800
Extracted features 215400/371800
Extracted features 215500/371800
Extracted features 215600/371800
Extracted features 215700/371800
Extracted features 215800/371800
Extracted features 215900/371800
Extracted features 216000/371800
Extracted features 216100/371800
Extracted features 216200/371800
Extracted features 216300/371800
Extracted features 216400/371800
Extracted features 216500/371800
Extracted features 216600/371800
Extracted features 216700/371800
Extracted features 216800/371800
Extracted features 216900/371800
Extracted features 217000/371800
Extracted features 217100/371800
Extracted features 217200/371800
Extracted features 217300/371800
Extracted features 217400/371800
Extracted features 217500/371800
Extracted features 217600/371800
Extracted features 217700/371800
Extracted features 217800/371800
Extracted features 217900/371800
Extracted features 218000/371800
Extracted features 218100/371800
Extracted features 218200/371800
Extracted features 218300/371800
Extracted features 218400/371800
Extracted features 218500/371800
Extracted features 218600/371800
Extracted features 218700/371800
Extracted features 218800/371800
Extracted features 218900/371800
Extracted features 219000/371800
Extracted features 219100/371800
Extracted features 219200/371800
Extracted features 219300/371800
Extracted features 219400/371800
Extracted features 219500/371800
Extracted features 219600/371800
Extracted features 219700/371800
Extracted features 219800/371800
Extracted features 219900/371800
Extracted features 220000/371800
Extracted features 220100/371800
Extracted features 220200/371800
Extracted features 220300/371800
Extracted features 220400/371800
Extracted features 220500/371800
Extracted features 220600/371800
Extracted features 220700/371800
Extracted features 220800/371800
Extracted features 220900/371800
Extracted features 221000/371800
Extracted features 221100/371800
Extracted features 221200/371800
Extracted features 221300/371800
Extracted features 221400/371800
Extracted features 221500/371800
Extracted features 221600/371800
Extracted features 221700/371800
Extracted features 221800/371800
Extracted features 221900/371800
Extracted features 222000/371800
Extracted features 222100/371800
Extracted features 222200/371800
Extracted features 222300/371800
Extracted features 222400/371800
Extracted features 222500/371800
Extracted features 222600/371800
Extracted features 222700/371800
Extracted features 222800/371800
Extracted features 222900/371800
Extracted features 223000/371800
Extracted features 223100/371800
Extracted features 223200/371800
Extracted features 223300/371800
Extracted features 223400/371800
Extracted features 223500/371800
Extracted features 223600/371800
Extracted features 223700/371800
Extracted features 223800/371800
Extracted features 223900/371800
Extracted features 224000/371800
Extracted features 224100/371800
Extracted features 224200/371800
Extracted features 224300/371800
Extracted features 224400/371800
Extracted features 224500/371800
Extracted features 224600/371800
Extracted features 224700/371800
Extracted features 224800/371800
Extracted features 224900/371800
Extracted features 225000/371800
Extracted features 225100/371800
Extracted features 225200/371800
Extracted features 225300/371800
Extracted features 225400/371800
Extracted features 225500/371800
Extracted features 225600/371800
Extracted features 225700/371800
Extracted features 225800/371800
Extracted features 225900/371800
Extracted features 226000/371800
Extracted features 226100/371800
Extracted features 226200/371800
Extracted features 226300/371800
Extracted features 226400/371800
Extracted features 226500/371800
Extracted features 226600/371800
Extracted features 226700/371800
Extracted features 226800/371800
Extracted features 226900/371800
Extracted features 227000/371800
Extracted features 227100/371800
Extracted features 227200/371800
Extracted features 227300/371800
Extracted features 227400/371800
Extracted features 227500/371800
Extracted features 227600/371800
Extracted features 227700/371800
Extracted features 227800/371800
Extracted features 227900/371800
Extracted features 228000/371800
Extracted features 228100/371800
Extracted features 228200/371800
Extracted features 228300/371800
Extracted features 228400/371800
Extracted features 228500/371800
Extracted features 228600/371800
Extracted features 228700/371800
Extracted features 228800/371800
Extracted features 228900/371800
Extracted features 229000/371800
Extracted features 229100/371800
Extracted features 229200/371800
Extracted features 229300/371800
Extracted features 229400/371800
Extracted features 229500/371800
Extracted features 229600/371800
Extracted features 229700/371800
Extracted features 229800/371800
Extracted features 229900/371800
Extracted features 230000/371800
Extracted features 230100/371800
Extracted features 230200/371800
Extracted features 230300/371800
Extracted features 230400/371800
Extracted features 230500/371800
Extracted features 230600/371800
Extracted features 230700/371800
Extracted features 230800/371800
Extracted features 230900/371800
Extracted features 231000/371800
Extracted features 231100/371800
Extracted features 231200/371800
Extracted features 231300/371800
Extracted features 231400/371800
Extracted features 231500/371800
Extracted features 231600/371800
Extracted features 231700/371800
Extracted features 231800/371800
Extracted features 231900/371800
Extracted features 232000/371800
Extracted features 232100/371800
Extracted features 232200/371800
Extracted features 232300/371800
Extracted features 232400/371800
Extracted features 232500/371800
Extracted features 232600/371800
Extracted features 232700/371800
Extracted features 232800/371800
Extracted features 232900/371800
Extracted features 233000/371800
Extracted features 233100/371800
Extracted features 233200/371800
Extracted features 233300/371800
Extracted features 233400/371800
Extracted features 233500/371800
Extracted features 233600/371800
Extracted features 233700/371800
Extracted features 233800/371800
Extracted features 233900/371800
Extracted features 234000/371800
Extracted features 234100/371800
Extracted features 234200/371800
Extracted features 234300/371800
Extracted features 234400/371800
Extracted features 234500/371800
Extracted features 234600/371800
Extracted features 234700/371800
Extracted features 234800/371800
Extracted features 234900/371800
Extracted features 235000/371800
Extracted features 235100/371800
Extracted features 235200/371800
Extracted features 235300/371800
Extracted features 235400/371800
Extracted features 235500/371800
Extracted features 235600/371800
Extracted features 235700/371800
Extracted features 235800/371800
Extracted features 235900/371800
Extracted features 236000/371800
Extracted features 236100/371800
Extracted features 236200/371800
Extracted features 236300/371800
Extracted features 236400/371800
Extracted features 236500/371800
Extracted features 236600/371800
Extracted features 236700/371800
Extracted features 236800/371800
Extracted features 236900/371800
Extracted features 237000/371800
Extracted features 237100/371800
Extracted features 237200/371800
Extracted features 237300/371800
Extracted features 237400/371800
Extracted features 237500/371800
Extracted features 237600/371800
Extracted features 237700/371800
Extracted features 237800/371800
Extracted features 237900/371800
Extracted features 238000/371800
Extracted features 238100/371800
Extracted features 238200/371800
Extracted features 238300/371800
Extracted features 238400/371800
Extracted features 238500/371800
Extracted features 238600/371800
Extracted features 238700/371800
Extracted features 238800/371800
Extracted features 238900/371800
Extracted features 239000/371800
Extracted features 239100/371800
Extracted features 239200/371800
Extracted features 239300/371800
Extracted features 239400/371800
Extracted features 239500/371800
Extracted features 239600/371800
Extracted features 239700/371800
Extracted features 239800/371800
Extracted features 239900/371800
Extracted features 240000/371800
Extracted features 240100/371800
Extracted features 240200/371800
Extracted features 240300/371800
Extracted features 240400/371800
Extracted features 240500/371800
Extracted features 240600/371800
Extracted features 240700/371800
Extracted features 240800/371800
Extracted features 240900/371800
Extracted features 241000/371800
Extracted features 241100/371800
Extracted features 241200/371800
Extracted features 241300/371800
Extracted features 241400/371800
Extracted features 241500/371800
Extracted features 241600/371800
Extracted features 241700/371800
Extracted features 241800/371800
Extracted features 241900/371800
Extracted features 242000/371800
Extracted features 242100/371800
Extracted features 242200/371800
Extracted features 242300/371800
Extracted features 242400/371800
Extracted features 242500/371800
Extracted features 242600/371800
Extracted features 242700/371800
Extracted features 242800/371800
Extracted features 242900/371800
Extracted features 243000/371800
Extracted features 243100/371800
Extracted features 243200/371800
Extracted features 243300/371800
Extracted features 243400/371800
Extracted features 243500/371800
Extracted features 243600/371800
Extracted features 243700/371800
Extracted features 243800/371800
Extracted features 243900/371800
Extracted features 244000/371800
Extracted features 244100/371800
Extracted features 244200/371800
Extracted features 244300/371800
Extracted features 244400/371800
Extracted features 244500/371800
Extracted features 244600/371800
Extracted features 244700/371800
Extracted features 244800/371800
Extracted features 244900/371800
Extracted features 245000/371800
Extracted features 245100/371800
Extracted features 245200/371800
Extracted features 245300/371800
Extracted features 245400/371800
Extracted features 245500/371800
Extracted features 245600/371800
Extracted features 245700/371800
Extracted features 245800/371800
Extracted features 245900/371800
Extracted features 246000/371800
Extracted features 246100/371800
Extracted features 246200/371800
Extracted features 246300/371800
Extracted features 246400/371800
Extracted features 246500/371800
Extracted features 246600/371800
Extracted features 246700/371800
Extracted features 246800/371800
Extracted features 246900/371800
Extracted features 247000/371800
Extracted features 247100/371800
Extracted features 247200/371800
Extracted features 247300/371800
Extracted features 247400/371800
Extracted features 247500/371800
Extracted features 247600/371800
Extracted features 247700/371800
Extracted features 247800/371800
Extracted features 247900/371800
Extracted features 248000/371800
Extracted features 248100/371800
Extracted features 248200/371800
Extracted features 248300/371800
Extracted features 248400/371800
Extracted features 248500/371800
Extracted features 248600/371800
Extracted features 248700/371800
Extracted features 248800/371800
Extracted features 248900/371800
Extracted features 249000/371800
Extracted features 249100/371800
Extracted features 249200/371800
Extracted features 249300/371800
Extracted features 249400/371800
Extracted features 249500/371800
Extracted features 249600/371800
Extracted features 249700/371800
Extracted features 249800/371800
Extracted features 249900/371800
Extracted features 250000/371800
Extracted features 250100/371800
Extracted features 250200/371800
Extracted features 250300/371800
Extracted features 250400/371800
Extracted features 250500/371800
Extracted features 250600/371800
Extracted features 250700/371800
Extracted features 250800/371800
Extracted features 250900/371800
Extracted features 251000/371800
Extracted features 251100/371800
Extracted features 251200/371800
Extracted features 251300/371800
Extracted features 251400/371800
Extracted features 251500/371800
Extracted features 251600/371800
Extracted features 251700/371800
Extracted features 251800/371800
Extracted features 251900/371800
Extracted features 252000/371800
Extracted features 252100/371800
Extracted features 252200/371800
Extracted features 252300/371800
Extracted features 252400/371800
Extracted features 252500/371800
Extracted features 252600/371800
Extracted features 252700/371800
Extracted features 252800/371800
Extracted features 252900/371800
Extracted features 253000/371800
Extracted features 253100/371800
Extracted features 253200/371800
Extracted features 253300/371800
Extracted features 253400/371800
Extracted features 253500/371800
Extracted features 253600/371800
Extracted features 253700/371800
Extracted features 253800/371800
Extracted features 253900/371800
Extracted features 254000/371800
Extracted features 254100/371800
Extracted features 254200/371800
Extracted features 254300/371800
Extracted features 254400/371800
Extracted features 254500/371800
Extracted features 254600/371800
Extracted features 254700/371800
Extracted features 254800/371800
Extracted features 254900/371800
Extracted features 255000/371800
Extracted features 255100/371800
Extracted features 255200/371800
Extracted features 255300/371800
Extracted features 255400/371800
Extracted features 255500/371800
Extracted features 255600/371800
Extracted features 255700/371800
Extracted features 255800/371800
Extracted features 255900/371800
Extracted features 256000/371800
Extracted features 256100/371800
Extracted features 256200/371800
Extracted features 256300/371800
Extracted features 256400/371800
Extracted features 256500/371800
Extracted features 256600/371800
Extracted features 256700/371800
Extracted features 256800/371800
Extracted features 256900/371800
Extracted features 257000/371800
Extracted features 257100/371800
Extracted features 257200/371800
Extracted features 257300/371800
Extracted features 257400/371800
Extracted features 257500/371800
Extracted features 257600/371800
Extracted features 257700/371800
Extracted features 257800/371800
Extracted features 257900/371800
Extracted features 258000/371800
Extracted features 258100/371800
Extracted features 258200/371800
Extracted features 258300/371800
Extracted features 258400/371800
Extracted features 258500/371800
Extracted features 258600/371800
Extracted features 258700/371800
Extracted features 258800/371800
Extracted features 258900/371800
Extracted features 259000/371800
Extracted features 259100/371800
Extracted features 259200/371800
Extracted features 259300/371800
Extracted features 259400/371800
Extracted features 259500/371800
Extracted features 259600/371800
Extracted features 259700/371800
Extracted features 259800/371800
Extracted features 259900/371800
Extracted features 260000/371800
Extracted features 260100/371800
Extracted features 260200/371800
Extracted features 260300/371800
Extracted features 260400/371800
Extracted features 260500/371800
Extracted features 260600/371800
Extracted features 260700/371800
Extracted features 260800/371800
Extracted features 260900/371800
Extracted features 261000/371800
Extracted features 261100/371800
Extracted features 261200/371800
Extracted features 261300/371800
Extracted features 261400/371800
Extracted features 261500/371800
Extracted features 261600/371800
Extracted features 261700/371800
Extracted features 261800/371800
Extracted features 261900/371800
Extracted features 262000/371800
Extracted features 262100/371800
Extracted features 262200/371800
Extracted features 262300/371800
Extracted features 262400/371800
Extracted features 262500/371800
Extracted features 262600/371800
Extracted features 262700/371800
Extracted features 262800/371800
Extracted features 262900/371800
Extracted features 263000/371800
Extracted features 263100/371800
Extracted features 263200/371800
Extracted features 263300/371800
Extracted features 263400/371800
Extracted features 263500/371800
Extracted features 263600/371800
Extracted features 263700/371800
Extracted features 263800/371800
Extracted features 263900/371800
Extracted features 264000/371800
Extracted features 264100/371800
Extracted features 264200/371800
Extracted features 264300/371800
Extracted features 264400/371800
Extracted features 264500/371800
Extracted features 264600/371800
Extracted features 264700/371800
Extracted features 264800/371800
Extracted features 264900/371800
Extracted features 265000/371800
Extracted features 265100/371800
Extracted features 265200/371800
Extracted features 265300/371800
Extracted features 265400/371800
Extracted features 265500/371800
Extracted features 265600/371800
Extracted features 265700/371800
Extracted features 265800/371800
Extracted features 265900/371800
Extracted features 266000/371800
Extracted features 266100/371800
Extracted features 266200/371800
Extracted features 266300/371800
Extracted features 266400/371800
Extracted features 266500/371800
Extracted features 266600/371800
Extracted features 266700/371800
Extracted features 266800/371800
Extracted features 266900/371800
Extracted features 267000/371800
Extracted features 267100/371800
Extracted features 267200/371800
Extracted features 267300/371800
Extracted features 267400/371800
Extracted features 267500/371800
Extracted features 267600/371800
Extracted features 267700/371800
Extracted features 267800/371800
Extracted features 267900/371800
Extracted features 268000/371800
Extracted features 268100/371800
Extracted features 268200/371800
Extracted features 268300/371800
Extracted features 268400/371800
Extracted features 268500/371800
Extracted features 268600/371800
Extracted features 268700/371800
Extracted features 268800/371800
Extracted features 268900/371800
Extracted features 269000/371800
Extracted features 269100/371800
Extracted features 269200/371800
Extracted features 269300/371800
Extracted features 269400/371800
Extracted features 269500/371800
Extracted features 269600/371800
Extracted features 269700/371800
Extracted features 269800/371800
Extracted features 269900/371800
Extracted features 270000/371800
Extracted features 270100/371800
Extracted features 270200/371800
Extracted features 270300/371800
Extracted features 270400/371800
Extracted features 270500/371800
Extracted features 270600/371800
Extracted features 270700/371800
Extracted features 270800/371800
Extracted features 270900/371800
Extracted features 271000/371800
Extracted features 271100/371800
Extracted features 271200/371800
Extracted features 271300/371800
Extracted features 271400/371800
Extracted features 271500/371800
Extracted features 271600/371800
Extracted features 271700/371800
Extracted features 271800/371800
Extracted features 271900/371800
Extracted features 272000/371800
Extracted features 272100/371800
Extracted features 272200/371800
Extracted features 272300/371800
Extracted features 272400/371800
Extracted features 272500/371800
Extracted features 272600/371800
Extracted features 272700/371800
Extracted features 272800/371800
Extracted features 272900/371800
Extracted features 273000/371800
Extracted features 273100/371800
Extracted features 273200/371800
Extracted features 273300/371800
Extracted features 273400/371800
Extracted features 273500/371800
Extracted features 273600/371800
Extracted features 273700/371800
Extracted features 273800/371800
Extracted features 273900/371800
Extracted features 274000/371800
Extracted features 274100/371800
Extracted features 274200/371800
Extracted features 274300/371800
Extracted features 274400/371800
Extracted features 274500/371800
Extracted features 274600/371800
Extracted features 274700/371800
Extracted features 274800/371800
Extracted features 274900/371800
Extracted features 275000/371800
Extracted features 275100/371800
Extracted features 275200/371800
Extracted features 275300/371800
Extracted features 275400/371800
Extracted features 275500/371800
Extracted features 275600/371800
Extracted features 275700/371800
Extracted features 275800/371800
Extracted features 275900/371800
Extracted features 276000/371800
Extracted features 276100/371800
Extracted features 276200/371800
Extracted features 276300/371800
Extracted features 276400/371800
Extracted features 276500/371800
Extracted features 276600/371800
Extracted features 276700/371800
Extracted features 276800/371800
Extracted features 276900/371800
Extracted features 277000/371800
Extracted features 277100/371800
Extracted features 277200/371800
Extracted features 277300/371800
Extracted features 277400/371800
Extracted features 277500/371800
Extracted features 277600/371800
Extracted features 277700/371800
Extracted features 277800/371800
Extracted features 277900/371800
Extracted features 278000/371800
Extracted features 278100/371800
Extracted features 278200/371800
Extracted features 278300/371800
Extracted features 278400/371800
Extracted features 278500/371800
Extracted features 278600/371800
Extracted features 278700/371800
Extracted features 278800/371800
Extracted features 278900/371800
Extracted features 279000/371800
Extracted features 279100/371800
Extracted features 279200/371800
Extracted features 279300/371800
Extracted features 279400/371800
Extracted features 279500/371800
Extracted features 279600/371800
Extracted features 279700/371800
Extracted features 279800/371800
Extracted features 279900/371800
Extracted features 280000/371800
Extracted features 280100/371800
Extracted features 280200/371800
Extracted features 280300/371800
Extracted features 280400/371800
Extracted features 280500/371800
Extracted features 280600/371800
Extracted features 280700/371800
Extracted features 280800/371800
Extracted features 280900/371800
Extracted features 281000/371800
Extracted features 281100/371800
Extracted features 281200/371800
Extracted features 281300/371800
Extracted features 281400/371800
Extracted features 281500/371800
Extracted features 281600/371800
Extracted features 281700/371800
Extracted features 281800/371800
Extracted features 281900/371800
Extracted features 282000/371800
Extracted features 282100/371800
Extracted features 282200/371800
Extracted features 282300/371800
Extracted features 282400/371800
Extracted features 282500/371800
Extracted features 282600/371800
Extracted features 282700/371800
Extracted features 282800/371800
Extracted features 282900/371800
Extracted features 283000/371800
Extracted features 283100/371800
Extracted features 283200/371800
Extracted features 283300/371800
Extracted features 283400/371800
Extracted features 283500/371800
Extracted features 283600/371800
Extracted features 283700/371800
Extracted features 283800/371800
Extracted features 283900/371800
Extracted features 284000/371800
Extracted features 284100/371800
Extracted features 284200/371800
Extracted features 284300/371800
Extracted features 284400/371800
Extracted features 284500/371800
Extracted features 284600/371800
Extracted features 284700/371800
Extracted features 284800/371800
Extracted features 284900/371800
Extracted features 285000/371800
Extracted features 285100/371800
Extracted features 285200/371800
Extracted features 285300/371800
Extracted features 285400/371800
Extracted features 285500/371800
Extracted features 285600/371800
Extracted features 285700/371800
Extracted features 285800/371800
Extracted features 285900/371800
Extracted features 286000/371800
Extracted features 286100/371800
Extracted features 286200/371800
Extracted features 286300/371800
Extracted features 286400/371800
Extracted features 286500/371800
Extracted features 286600/371800
Extracted features 286700/371800
Extracted features 286800/371800
Extracted features 286900/371800
Extracted features 287000/371800
Extracted features 287100/371800
Extracted features 287200/371800
Extracted features 287300/371800
Extracted features 287400/371800
Extracted features 287500/371800
Extracted features 287600/371800
Extracted features 287700/371800
Extracted features 287800/371800
Extracted features 287900/371800
Extracted features 288000/371800
Extracted features 288100/371800
Extracted features 288200/371800
Extracted features 288300/371800
Extracted features 288400/371800
Extracted features 288500/371800
Extracted features 288600/371800
Extracted features 288700/371800
Extracted features 288800/371800
Extracted features 288900/371800
Extracted features 289000/371800
Extracted features 289100/371800
Extracted features 289200/371800
Extracted features 289300/371800
Extracted features 289400/371800
Extracted features 289500/371800
Extracted features 289600/371800
Extracted features 289700/371800
Extracted features 289800/371800
Extracted features 289900/371800
Extracted features 290000/371800
Extracted features 290100/371800
Extracted features 290200/371800
Extracted features 290300/371800
Extracted features 290400/371800
Extracted features 290500/371800
Extracted features 290600/371800
Extracted features 290700/371800
Extracted features 290800/371800
Extracted features 290900/371800
Extracted features 291000/371800
Extracted features 291100/371800
Extracted features 291200/371800
Extracted features 291300/371800
Extracted features 291400/371800
Extracted features 291500/371800
Extracted features 291600/371800
Extracted features 291700/371800
Extracted features 291800/371800
Extracted features 291900/371800
Extracted features 292000/371800
Extracted features 292100/371800
Extracted features 292200/371800
Extracted features 292300/371800
Extracted features 292400/371800
Extracted features 292500/371800
Extracted features 292600/371800
Extracted features 292700/371800
Extracted features 292800/371800
Extracted features 292900/371800
Extracted features 293000/371800
Extracted features 293100/371800
Extracted features 293200/371800
Extracted features 293300/371800
Extracted features 293400/371800
Extracted features 293500/371800
Extracted features 293600/371800
Extracted features 293700/371800
Extracted features 293800/371800
Extracted features 293900/371800
Extracted features 294000/371800
Extracted features 294100/371800
Extracted features 294200/371800
Extracted features 294300/371800
Extracted features 294400/371800
Extracted features 294500/371800
Extracted features 294600/371800
Extracted features 294700/371800
Extracted features 294800/371800
Extracted features 294900/371800
Extracted features 295000/371800
Extracted features 295100/371800
Extracted features 295200/371800
Extracted features 295300/371800
Extracted features 295400/371800
Extracted features 295500/371800
Extracted features 295600/371800
Extracted features 295700/371800
Extracted features 295800/371800
Extracted features 295900/371800
Extracted features 296000/371800
Extracted features 296100/371800
Extracted features 296200/371800
Extracted features 296300/371800
Extracted features 296400/371800
Extracted features 296500/371800
Extracted features 296600/371800
Extracted features 296700/371800
Extracted features 296800/371800
Extracted features 296900/371800
Extracted features 297000/371800
Extracted features 297100/371800
Extracted features 297200/371800
Extracted features 297300/371800
Extracted features 297400/371800
Extracted features 297500/371800
Extracted features 297600/371800
Extracted features 297700/371800
Extracted features 297800/371800
Extracted features 297900/371800
Extracted features 298000/371800
Extracted features 298100/371800
Extracted features 298200/371800
Extracted features 298300/371800
Extracted features 298400/371800
Extracted features 298500/371800
Extracted features 298600/371800
Extracted features 298700/371800
Extracted features 298800/371800
Extracted features 298900/371800
Extracted features 299000/371800
Extracted features 299100/371800
Extracted features 299200/371800
Extracted features 299300/371800
Extracted features 299400/371800
Extracted features 299500/371800
Extracted features 299600/371800
Extracted features 299700/371800
Extracted features 299800/371800
Extracted features 299900/371800
Extracted features 300000/371800
Extracted features 300100/371800
Extracted features 300200/371800
Extracted features 300300/371800
Extracted features 300400/371800
Extracted features 300500/371800
Extracted features 300600/371800
Extracted features 300700/371800
Extracted features 300800/371800
Extracted features 300900/371800
Extracted features 301000/371800
Extracted features 301100/371800
Extracted features 301200/371800
Extracted features 301300/371800
Extracted features 301400/371800
Extracted features 301500/371800
Extracted features 301600/371800
Extracted features 301700/371800
Extracted features 301800/371800
Extracted features 301900/371800
Extracted features 302000/371800
Extracted features 302100/371800
Extracted features 302200/371800
Extracted features 302300/371800
Extracted features 302400/371800
Extracted features 302500/371800
Extracted features 302600/371800
Extracted features 302700/371800
Extracted features 302800/371800
Extracted features 302900/371800
Extracted features 303000/371800
Extracted features 303100/371800
Extracted features 303200/371800
Extracted features 303300/371800
Extracted features 303400/371800
Extracted features 303500/371800
Extracted features 303600/371800
Extracted features 303700/371800
Extracted features 303800/371800
Extracted features 303900/371800
Extracted features 304000/371800
Extracted features 304100/371800
Extracted features 304200/371800
Extracted features 304300/371800
Extracted features 304400/371800
Extracted features 304500/371800
Extracted features 304600/371800
Extracted features 304700/371800
Extracted features 304800/371800
Extracted features 304900/371800
Extracted features 305000/371800
Extracted features 305100/371800
Extracted features 305200/371800
Extracted features 305300/371800
Extracted features 305400/371800
Extracted features 305500/371800
Extracted features 305600/371800
Extracted features 305700/371800
Extracted features 305800/371800
Extracted features 305900/371800
Extracted features 306000/371800
Extracted features 306100/371800
Extracted features 306200/371800
Extracted features 306300/371800
Extracted features 306400/371800
Extracted features 306500/371800
Extracted features 306600/371800
Extracted features 306700/371800
Extracted features 306800/371800
Extracted features 306900/371800
Extracted features 307000/371800
Extracted features 307100/371800
Extracted features 307200/371800
Extracted features 307300/371800
Extracted features 307400/371800
Extracted features 307500/371800
Extracted features 307600/371800
Extracted features 307700/371800
Extracted features 307800/371800
Extracted features 307900/371800
Extracted features 308000/371800
Extracted features 308100/371800
Extracted features 308200/371800
Extracted features 308300/371800
Extracted features 308400/371800
Extracted features 308500/371800
Extracted features 308600/371800
Extracted features 308700/371800
Extracted features 308800/371800
Extracted features 308900/371800
Extracted features 309000/371800
Extracted features 309100/371800
Extracted features 309200/371800
Extracted features 309300/371800
Extracted features 309400/371800
Extracted features 309500/371800
Extracted features 309600/371800
Extracted features 309700/371800
Extracted features 309800/371800
Extracted features 309900/371800
Extracted features 310000/371800
Extracted features 310100/371800
Extracted features 310200/371800
Extracted features 310300/371800
Extracted features 310400/371800
Extracted features 310500/371800
Extracted features 310600/371800
Extracted features 310700/371800
Extracted features 310800/371800
Extracted features 310900/371800
Extracted features 311000/371800
Extracted features 311100/371800
Extracted features 311200/371800
Extracted features 311300/371800
Extracted features 311400/371800
Extracted features 311500/371800
Extracted features 311600/371800
Extracted features 311700/371800
Extracted features 311800/371800
Extracted features 311900/371800
Extracted features 312000/371800
Extracted features 312100/371800
Extracted features 312200/371800
Extracted features 312300/371800
Extracted features 312400/371800
Extracted features 312500/371800
Extracted features 312600/371800
Extracted features 312700/371800
Extracted features 312800/371800
Extracted features 312900/371800
Extracted features 313000/371800
Extracted features 313100/371800
Extracted features 313200/371800
Extracted features 313300/371800
Extracted features 313400/371800
Extracted features 313500/371800
Extracted features 313600/371800
Extracted features 313700/371800
Extracted features 313800/371800
Extracted features 313900/371800
Extracted features 314000/371800
Extracted features 314100/371800
Extracted features 314200/371800
Extracted features 314300/371800
Extracted features 314400/371800
Extracted features 314500/371800
Extracted features 314600/371800
Extracted features 314700/371800
Extracted features 314800/371800
Extracted features 314900/371800
Extracted features 315000/371800
Extracted features 315100/371800
Extracted features 315200/371800
Extracted features 315300/371800
Extracted features 315400/371800
Extracted features 315500/371800
Extracted features 315600/371800
Extracted features 315700/371800
Extracted features 315800/371800
Extracted features 315900/371800
Extracted features 316000/371800
Extracted features 316100/371800
Extracted features 316200/371800
Extracted features 316300/371800
Extracted features 316400/371800
Extracted features 316500/371800
Extracted features 316600/371800
Extracted features 316700/371800
Extracted features 316800/371800
Extracted features 316900/371800
Extracted features 317000/371800
Extracted features 317100/371800
Extracted features 317200/371800
Extracted features 317300/371800
Extracted features 317400/371800
Extracted features 317500/371800
Extracted features 317600/371800
Extracted features 317700/371800
Extracted features 317800/371800
Extracted features 317900/371800
Extracted features 318000/371800
Extracted features 318100/371800
Extracted features 318200/371800
Extracted features 318300/371800
Extracted features 318400/371800
Extracted features 318500/371800
Extracted features 318600/371800
Extracted features 318700/371800
Extracted features 318800/371800
Extracted features 318900/371800
Extracted features 319000/371800
Extracted features 319100/371800
Extracted features 319200/371800
Extracted features 319300/371800
Extracted features 319400/371800
Extracted features 319500/371800
Extracted features 319600/371800
Extracted features 319700/371800
Extracted features 319800/371800
Extracted features 319900/371800
Extracted features 320000/371800
Extracted features 320100/371800
Extracted features 320200/371800
Extracted features 320300/371800
Extracted features 320400/371800
Extracted features 320500/371800
Extracted features 320600/371800
Extracted features 320700/371800
Extracted features 320800/371800
Extracted features 320900/371800
Extracted features 321000/371800
Extracted features 321100/371800
Extracted features 321200/371800
Extracted features 321300/371800
Extracted features 321400/371800
Extracted features 321500/371800
Extracted features 321600/371800
Extracted features 321700/371800
Extracted features 321800/371800
Extracted features 321900/371800
Extracted features 322000/371800
Extracted features 322100/371800
Extracted features 322200/371800
Extracted features 322300/371800
Extracted features 322400/371800
Extracted features 322500/371800
Extracted features 322600/371800
Extracted features 322700/371800
Extracted features 322800/371800
Extracted features 322900/371800
Extracted features 323000/371800
Extracted features 323100/371800
Extracted features 323200/371800
Extracted features 323300/371800
Extracted features 323400/371800
Extracted features 323500/371800
Extracted features 323600/371800
Extracted features 323700/371800
Extracted features 323800/371800
Extracted features 323900/371800
Extracted features 324000/371800
Extracted features 324100/371800
Extracted features 324200/371800
Extracted features 324300/371800
Extracted features 324400/371800
Extracted features 324500/371800
Extracted features 324600/371800
Extracted features 324700/371800
Extracted features 324800/371800
Extracted features 324900/371800
Extracted features 325000/371800
Extracted features 325100/371800
Extracted features 325200/371800
Extracted features 325300/371800
Extracted features 325400/371800
Extracted features 325500/371800
Extracted features 325600/371800
Extracted features 325700/371800
Extracted features 325800/371800
Extracted features 325900/371800
Extracted features 326000/371800
Extracted features 326100/371800
Extracted features 326200/371800
Extracted features 326300/371800
Extracted features 326400/371800
Extracted features 326500/371800
Extracted features 326600/371800
Extracted features 326700/371800
Extracted features 326800/371800
Extracted features 326900/371800
Extracted features 327000/371800
Extracted features 327100/371800
Extracted features 327200/371800
Extracted features 327300/371800
Extracted features 327400/371800
Extracted features 327500/371800
Extracted features 327600/371800
Extracted features 327700/371800
Extracted features 327800/371800
Extracted features 327900/371800
Extracted features 328000/371800
Extracted features 328100/371800
Extracted features 328200/371800
Extracted features 328300/371800
Extracted features 328400/371800
Extracted features 328500/371800
Extracted features 328600/371800
Extracted features 328700/371800
Extracted features 328800/371800
Extracted features 328900/371800
Extracted features 329000/371800
Extracted features 329100/371800
Extracted features 329200/371800
Extracted features 329300/371800
Extracted features 329400/371800
Extracted features 329500/371800
Extracted features 329600/371800
Extracted features 329700/371800
Extracted features 329800/371800
Extracted features 329900/371800
Extracted features 330000/371800
Extracted features 330100/371800
Extracted features 330200/371800
Extracted features 330300/371800
Extracted features 330400/371800
Extracted features 330500/371800
Extracted features 330600/371800
Extracted features 330700/371800
Extracted features 330800/371800
Extracted features 330900/371800
Extracted features 331000/371800
Extracted features 331100/371800
Extracted features 331200/371800
Extracted features 331300/371800
Extracted features 331400/371800
Extracted features 331500/371800
Extracted features 331600/371800
Extracted features 331700/371800
Extracted features 331800/371800
Extracted features 331900/371800
Extracted features 332000/371800
Extracted features 332100/371800
Extracted features 332200/371800
Extracted features 332300/371800
Extracted features 332400/371800
Extracted features 332500/371800
Extracted features 332600/371800
Extracted features 332700/371800
Extracted features 332800/371800
Extracted features 332900/371800
Extracted features 333000/371800
Extracted features 333100/371800
Extracted features 333200/371800
Extracted features 333300/371800
Extracted features 333400/371800
Extracted features 333500/371800
Extracted features 333600/371800
Extracted features 333700/371800
Extracted features 333800/371800
Extracted features 333900/371800
Extracted features 334000/371800
Extracted features 334100/371800
Extracted features 334200/371800
Extracted features 334300/371800
Extracted features 334400/371800
Extracted features 334500/371800
Extracted features 334600/371800
Extracted features 334700/371800
Extracted features 334800/371800
Extracted features 334900/371800
Extracted features 335000/371800
Extracted features 335100/371800
Extracted features 335200/371800
Extracted features 335300/371800
Extracted features 335400/371800
Extracted features 335500/371800
Extracted features 335600/371800
Extracted features 335700/371800
Extracted features 335800/371800
Extracted features 335900/371800
Extracted features 336000/371800
Extracted features 336100/371800
Extracted features 336200/371800
Extracted features 336300/371800
Extracted features 336400/371800
Extracted features 336500/371800
Extracted features 336600/371800
Extracted features 336700/371800
Extracted features 336800/371800
Extracted features 336900/371800
Extracted features 337000/371800
Extracted features 337100/371800
Extracted features 337200/371800
Extracted features 337300/371800
Extracted features 337400/371800
Extracted features 337500/371800
Extracted features 337600/371800
Extracted features 337700/371800
Extracted features 337800/371800
Extracted features 337900/371800
Extracted features 338000/371800
Extracted features 338100/371800
Extracted features 338200/371800
Extracted features 338300/371800
Extracted features 338400/371800
Extracted features 338500/371800
Extracted features 338600/371800
Extracted features 338700/371800
Extracted features 338800/371800
Extracted features 338900/371800
Extracted features 339000/371800
Extracted features 339100/371800
Extracted features 339200/371800
Extracted features 339300/371800
Extracted features 339400/371800
Extracted features 339500/371800
Extracted features 339600/371800
Extracted features 339700/371800
Extracted features 339800/371800
Extracted features 339900/371800
Extracted features 340000/371800
Extracted features 340100/371800
Extracted features 340200/371800
Extracted features 340300/371800
Extracted features 340400/371800
Extracted features 340500/371800
Extracted features 340600/371800
Extracted features 340700/371800
Extracted features 340800/371800
Extracted features 340900/371800
Extracted features 341000/371800
Extracted features 341100/371800
Extracted features 341200/371800
Extracted features 341300/371800
Extracted features 341400/371800
Extracted features 341500/371800
Extracted features 341600/371800
Extracted features 341700/371800
Extracted features 341800/371800
Extracted features 341900/371800
Extracted features 342000/371800
Extracted features 342100/371800
Extracted features 342200/371800
Extracted features 342300/371800
Extracted features 342400/371800
Extracted features 342500/371800
Extracted features 342600/371800
Extracted features 342700/371800
Extracted features 342800/371800
Extracted features 342900/371800
Extracted features 343000/371800
Extracted features 343100/371800
Extracted features 343200/371800
Extracted features 343300/371800
Extracted features 343400/371800
Extracted features 343500/371800
Extracted features 343600/371800
Extracted features 343700/371800
Extracted features 343800/371800
Extracted features 343900/371800
Extracted features 344000/371800
Extracted features 344100/371800
Extracted features 344200/371800
Extracted features 344300/371800
Extracted features 344400/371800
Extracted features 344500/371800
Extracted features 344600/371800
Extracted features 344700/371800
Extracted features 344800/371800
Extracted features 344900/371800
Extracted features 345000/371800
Extracted features 345100/371800
Extracted features 345200/371800
Extracted features 345300/371800
Extracted features 345400/371800
Extracted features 345500/371800
Extracted features 345600/371800
Extracted features 345700/371800
Extracted features 345800/371800
Extracted features 345900/371800
Extracted features 346000/371800
Extracted features 346100/371800
Extracted features 346200/371800
Extracted features 346300/371800
Extracted features 346400/371800
Extracted features 346500/371800
Extracted features 346600/371800
Extracted features 346700/371800
Extracted features 346800/371800
Extracted features 346900/371800
Extracted features 347000/371800
Extracted features 347100/371800
Extracted features 347200/371800
Extracted features 347300/371800
Extracted features 347400/371800
Extracted features 347500/371800
Extracted features 347600/371800
Extracted features 347700/371800
Extracted features 347800/371800
Extracted features 347900/371800
Extracted features 348000/371800
Extracted features 348100/371800
Extracted features 348200/371800
Extracted features 348300/371800
Extracted features 348400/371800
Extracted features 348500/371800
Extracted features 348600/371800
Extracted features 348700/371800
Extracted features 348800/371800
Extracted features 348900/371800
Extracted features 349000/371800
Extracted features 349100/371800
Extracted features 349200/371800
Extracted features 349300/371800
Extracted features 349400/371800
Extracted features 349500/371800
Extracted features 349600/371800
Extracted features 349700/371800
Extracted features 349800/371800
Extracted features 349900/371800
Extracted features 350000/371800
Extracted features 350100/371800
Extracted features 350200/371800
Extracted features 350300/371800
Extracted features 350400/371800
Extracted features 350500/371800
Extracted features 350600/371800
Extracted features 350700/371800
Extracted features 350800/371800
Extracted features 350900/371800
Extracted features 351000/371800
Extracted features 351100/371800
Extracted features 351200/371800
Extracted features 351300/371800
Extracted features 351400/371800
Extracted features 351500/371800
Extracted features 351600/371800
Extracted features 351700/371800
Extracted features 351800/371800
Extracted features 351900/371800
Extracted features 352000/371800
Extracted features 352100/371800
Extracted features 352200/371800
Extracted features 352300/371800
Extracted features 352400/371800
Extracted features 352500/371800
Extracted features 352600/371800
Extracted features 352700/371800
Extracted features 352800/371800
Extracted features 352900/371800
Extracted features 353000/371800
Extracted features 353100/371800
Extracted features 353200/371800
Extracted features 353300/371800
Extracted features 353400/371800
Extracted features 353500/371800
Extracted features 353600/371800
Extracted features 353700/371800
Extracted features 353800/371800
Extracted features 353900/371800
Extracted features 354000/371800
Extracted features 354100/371800
Extracted features 354200/371800
Extracted features 354300/371800
Extracted features 354400/371800
Extracted features 354500/371800
Extracted features 354600/371800
Extracted features 354700/371800
Extracted features 354800/371800
Extracted features 354900/371800
Extracted features 355000/371800
Extracted features 355100/371800
Extracted features 355200/371800
Extracted features 355300/371800
Extracted features 355400/371800
Extracted features 355500/371800
Extracted features 355600/371800
Extracted features 355700/371800
Extracted features 355800/371800
Extracted features 355900/371800
Extracted features 356000/371800
Extracted features 356100/371800
Extracted features 356200/371800
Extracted features 356300/371800
Extracted features 356400/371800
Extracted features 356500/371800
Extracted features 356600/371800
Extracted features 356700/371800
Extracted features 356800/371800
Extracted features 356900/371800
Extracted features 357000/371800
Extracted features 357100/371800
Extracted features 357200/371800
Extracted features 357300/371800
Extracted features 357400/371800
Extracted features 357500/371800
Extracted features 357600/371800
Extracted features 357700/371800
Extracted features 357800/371800
Extracted features 357900/371800
Extracted features 358000/371800
Extracted features 358100/371800
Extracted features 358200/371800
Extracted features 358300/371800
Extracted features 358400/371800
Extracted features 358500/371800
Extracted features 358600/371800
Extracted features 358700/371800
Extracted features 358800/371800
Extracted features 358900/371800
Extracted features 359000/371800
Extracted features 359100/371800
Extracted features 359200/371800
Extracted features 359300/371800
Extracted features 359400/371800
Extracted features 359500/371800
Extracted features 359600/371800
Extracted features 359700/371800
Extracted features 359800/371800
Extracted features 359900/371800
Extracted features 360000/371800
Extracted features 360100/371800
Extracted features 360200/371800
Extracted features 360300/371800
Extracted features 360400/371800
Extracted features 360500/371800
Extracted features 360600/371800
Extracted features 360700/371800
Extracted features 360800/371800
Extracted features 360900/371800
Extracted features 361000/371800
Extracted features 361100/371800
Extracted features 361200/371800
Extracted features 361300/371800
Extracted features 361400/371800
Extracted features 361500/371800
Extracted features 361600/371800
Extracted features 361700/371800
Extracted features 361800/371800
Extracted features 361900/371800
Extracted features 362000/371800
Extracted features 362100/371800
Extracted features 362200/371800
Extracted features 362300/371800
Extracted features 362400/371800
Extracted features 362500/371800
Extracted features 362600/371800
Extracted features 362700/371800
Extracted features 362800/371800
Extracted features 362900/371800
Extracted features 363000/371800
Extracted features 363100/371800
Extracted features 363200/371800
Extracted features 363300/371800
Extracted features 363400/371800
Extracted features 363500/371800
Extracted features 363600/371800
Extracted features 363700/371800
Extracted features 363800/371800
Extracted features 363900/371800
Extracted features 364000/371800
Extracted features 364100/371800
Extracted features 364200/371800
Extracted features 364300/371800
Extracted features 364400/371800
Extracted features 364500/371800
Extracted features 364600/371800
Extracted features 364700/371800
Extracted features 364800/371800
Extracted features 364900/371800
Extracted features 365000/371800
Extracted features 365100/371800
Extracted features 365200/371800
Extracted features 365300/371800
Extracted features 365400/371800
Extracted features 365500/371800
Extracted features 365600/371800
Extracted features 365700/371800
Extracted features 365800/371800
Extracted features 365900/371800
Extracted features 366000/371800
Extracted features 366100/371800
Extracted features 366200/371800
Extracted features 366300/371800
Extracted features 366400/371800
Extracted features 366500/371800
Extracted features 366600/371800
Extracted features 366700/371800
Extracted features 366800/371800
Extracted features 366900/371800
Extracted features 367000/371800
Extracted features 367100/371800
Extracted features 367200/371800
Extracted features 367300/371800
Extracted features 367400/371800
Extracted features 367500/371800
Extracted features 367600/371800
Extracted features 367700/371800
Extracted features 367800/371800
Extracted features 367900/371800
Extracted features 368000/371800
Extracted features 368100/371800
Extracted features 368200/371800
Extracted features 368300/371800
Extracted features 368400/371800
Extracted features 368500/371800
Extracted features 368600/371800
Extracted features 368700/371800
Extracted features 368800/371800
Extracted features 368900/371800
Extracted features 369000/371800
Extracted features 369100/371800
Extracted features 369200/371800
Extracted features 369300/371800
Extracted features 369400/371800
Extracted features 369500/371800
Extracted features 369600/371800
Extracted features 369700/371800
Extracted features 369800/371800
Extracted features 369900/371800
Extracted features 370000/371800
Extracted features 370100/371800
Extracted features 370200/371800
Extracted features 370300/371800
Extracted features 370400/371800
Extracted features 370500/371800
Extracted features 370600/371800
Extracted features 370700/371800
Extracted features 370800/371800
Extracted features 370900/371800
Extracted features 371000/371800
Extracted features 371100/371800
Extracted features 371200/371800
Extracted features 371300/371800
Extracted features 371400/371800
Extracted features 371500/371800
Extracted features 371600/371800
Extracted features 371700/371800
Images:


| database |               class | count |
| -------- | ------------------- | ----- |
|      big |              Acacia |  2000 |
|      big |            Achillea |  2000 |
|      big |        African+Lily |  2000 |
|      big |          Agapanthus |  2000 |
|      big |            Ageratum |  2000 |
|      big |                 ... |  2000 |
|      big |                 ... |  2000 |
|      big |       Angela+Merkel |  2000 |
|      big |           Angelfish |  2000 |
|      big |                 Ant |  2000 |
|      big |            Anteater |  2000 |
|      big |            Antelope |  2000 |
|      big |          Arctic+Fox |  2000 |
|      big |         Arctic+Wolf |  2000 |
|      big |           Armadillo |  2000 |
|      big |      Asian+Elephant |  2000 |
|      big |                 ... |  2000 |
|      big |     Australian+Mist |  2000 |

Features:


|      network | database | database_size | features_size |
| ------------ | -------- | ------------- | ------------- |
|   mobile_net |      big |        502000 |        502000 |
| mobile_netV2 |      big |        502000 |        502000 |
|          nas |      big |        502000 |        502000 |
|        vgg16 |      big |        502000 |        502000 |
|         xcep |      big |        502000 |        502000 |
|   mobile_net | big_test |         50200 |         50200 |
| mobile_netV2 | big_test |         50200 |         50200 |
|          nas | big_test |         50200 |         50200 |
|        vgg16 | big_test |         50200 |         50200 |
|         xcep | big_test |         50200 |         50200 |
Images:


| database |               class | count |
| -------- | ------------------- | ----- |
|      big |              Acacia |  2000 |
|      big |            Achillea |  2000 |
|      big |        African+Lily |  2000 |
|      big |          Agapanthus |  2000 |
|      big |            Ageratum |  2000 |
|      big |                 ... |  2000 |
|      big |                 ... |  2000 |
|      big |       Angela+Merkel |  2000 |
|      big |           Angelfish |  2000 |
|      big |                 Ant |  2000 |
|      big |            Anteater |  2000 |
|      big |            Antelope |  2000 |
|      big |          Arctic+Fox |  2000 |
|      big |         Arctic+Wolf |  2000 |
|      big |           Armadillo |  2000 |
|      big |      Asian+Elephant |  2000 |
|      big |                 ... |  2000 |
|      big |     Australian+Mist |  2000 |

Features:


|      network | database | database_size | features_size |
| ------------ | -------- | ------------- | ------------- |
|   mobile_net |      big |        502000 |        502000 |
| mobile_netV2 |      big |        502000 |        502000 |
|          nas |      big |        502000 |        502000 |
|        vgg16 |      big |        502000 |        502000 |
|         xcep |      big |        502000 |        502000 |
|   mobile_net | big_test |         50200 |         50200 |
| mobile_netV2 | big_test |         50200 |         50200 |
|          nas | big_test |         50200 |         50200 |
|        vgg16 | big_test |         50200 |         50200 |
|         xcep | big_test |         50200 |         50200 |
